[2025-05-01T00:03:09.261+0000] {processor.py:157} INFO - Started process (PID=177) to work on /opt/airflow/dags/cep_etl_dag.py
[2025-05-01T00:03:09.262+0000] {processor.py:829} INFO - Processing file /opt/airflow/dags/cep_etl_dag.py for tasks to queue
[2025-05-01T00:03:09.264+0000] {logging_mixin.py:151} INFO - [2025-05-01T00:03:09.263+0000] {dagbag.py:539} INFO - Filling up the DagBag from /opt/airflow/dags/cep_etl_dag.py
[2025-05-01T00:03:09.274+0000] {logging_mixin.py:151} INFO - [2025-05-01T00:03:09.272+0000] {dagbag.py:347} ERROR - Failed to import: /opt/airflow/dags/cep_etl_dag.py
Traceback (most recent call last):
  File "/home/airflow/.local/lib/python3.8/site-packages/airflow/models/dagbag.py", line 343, in parse
    loader.exec_module(new_module)
  File "<frozen importlib._bootstrap_external>", line 843, in exec_module
  File "<frozen importlib._bootstrap>", line 219, in _call_with_frames_removed
  File "/opt/airflow/dags/cep_etl_dag.py", line 10, in <module>
    from etl.extractors.cep_extractor import CEPExtractor
ModuleNotFoundError: No module named 'etl'
[2025-05-01T00:03:09.275+0000] {processor.py:841} WARNING - No viable dags retrieved from /opt/airflow/dags/cep_etl_dag.py
[2025-05-01T00:03:09.321+0000] {processor.py:179} INFO - Processing /opt/airflow/dags/cep_etl_dag.py took 0.066 seconds
[2025-05-01T00:03:39.527+0000] {processor.py:157} INFO - Started process (PID=190) to work on /opt/airflow/dags/cep_etl_dag.py
[2025-05-01T00:03:39.529+0000] {processor.py:829} INFO - Processing file /opt/airflow/dags/cep_etl_dag.py for tasks to queue
[2025-05-01T00:03:39.530+0000] {logging_mixin.py:151} INFO - [2025-05-01T00:03:39.530+0000] {dagbag.py:539} INFO - Filling up the DagBag from /opt/airflow/dags/cep_etl_dag.py
[2025-05-01T00:03:39.537+0000] {logging_mixin.py:151} INFO - [2025-05-01T00:03:39.536+0000] {dagbag.py:347} ERROR - Failed to import: /opt/airflow/dags/cep_etl_dag.py
Traceback (most recent call last):
  File "/home/airflow/.local/lib/python3.8/site-packages/airflow/models/dagbag.py", line 343, in parse
    loader.exec_module(new_module)
  File "<frozen importlib._bootstrap_external>", line 843, in exec_module
  File "<frozen importlib._bootstrap>", line 219, in _call_with_frames_removed
  File "/opt/airflow/dags/cep_etl_dag.py", line 10, in <module>
    from etl.extractors.cep_extractor import CEPExtractor
ModuleNotFoundError: No module named 'etl'
[2025-05-01T00:03:39.538+0000] {processor.py:841} WARNING - No viable dags retrieved from /opt/airflow/dags/cep_etl_dag.py
[2025-05-01T00:03:39.583+0000] {processor.py:179} INFO - Processing /opt/airflow/dags/cep_etl_dag.py took 0.062 seconds
[2025-05-01T00:03:52.629+0000] {processor.py:157} INFO - Started process (PID=195) to work on /opt/airflow/dags/cep_etl_dag.py
[2025-05-01T00:03:52.633+0000] {processor.py:829} INFO - Processing file /opt/airflow/dags/cep_etl_dag.py for tasks to queue
[2025-05-01T00:03:52.634+0000] {logging_mixin.py:151} INFO - [2025-05-01T00:03:52.634+0000] {dagbag.py:539} INFO - Filling up the DagBag from /opt/airflow/dags/cep_etl_dag.py
[2025-05-01T00:03:52.641+0000] {logging_mixin.py:151} INFO - [2025-05-01T00:03:52.640+0000] {dagbag.py:347} ERROR - Failed to import: /opt/airflow/dags/cep_etl_dag.py
Traceback (most recent call last):
  File "/home/airflow/.local/lib/python3.8/site-packages/airflow/models/dagbag.py", line 343, in parse
    loader.exec_module(new_module)
  File "<frozen importlib._bootstrap_external>", line 843, in exec_module
  File "<frozen importlib._bootstrap>", line 219, in _call_with_frames_removed
  File "/opt/airflow/dags/cep_etl_dag.py", line 10, in <module>
    from etl.extractors.cep_extractor import CEPExtractor
ModuleNotFoundError: No module named 'etl'
[2025-05-01T00:03:52.641+0000] {processor.py:841} WARNING - No viable dags retrieved from /opt/airflow/dags/cep_etl_dag.py
[2025-05-01T00:03:52.677+0000] {processor.py:179} INFO - Processing /opt/airflow/dags/cep_etl_dag.py took 0.053 seconds
[2025-05-01T00:04:22.856+0000] {processor.py:157} INFO - Started process (PID=200) to work on /opt/airflow/dags/cep_etl_dag.py
[2025-05-01T00:04:22.860+0000] {processor.py:829} INFO - Processing file /opt/airflow/dags/cep_etl_dag.py for tasks to queue
[2025-05-01T00:04:22.862+0000] {logging_mixin.py:151} INFO - [2025-05-01T00:04:22.861+0000] {dagbag.py:539} INFO - Filling up the DagBag from /opt/airflow/dags/cep_etl_dag.py
[2025-05-01T00:04:22.870+0000] {logging_mixin.py:151} INFO - [2025-05-01T00:04:22.869+0000] {dagbag.py:347} ERROR - Failed to import: /opt/airflow/dags/cep_etl_dag.py
Traceback (most recent call last):
  File "/home/airflow/.local/lib/python3.8/site-packages/airflow/models/dagbag.py", line 343, in parse
    loader.exec_module(new_module)
  File "<frozen importlib._bootstrap_external>", line 843, in exec_module
  File "<frozen importlib._bootstrap>", line 219, in _call_with_frames_removed
  File "/opt/airflow/dags/cep_etl_dag.py", line 10, in <module>
    from etl.extractors.cep_extractor import CEPExtractor
ModuleNotFoundError: No module named 'etl'
[2025-05-01T00:04:22.871+0000] {processor.py:841} WARNING - No viable dags retrieved from /opt/airflow/dags/cep_etl_dag.py
[2025-05-01T00:04:22.910+0000] {processor.py:179} INFO - Processing /opt/airflow/dags/cep_etl_dag.py took 0.060 seconds
[2025-05-01T00:04:39.188+0000] {processor.py:157} INFO - Started process (PID=170) to work on /opt/airflow/dags/cep_etl_dag.py
[2025-05-01T00:04:39.190+0000] {processor.py:829} INFO - Processing file /opt/airflow/dags/cep_etl_dag.py for tasks to queue
[2025-05-01T00:04:39.192+0000] {logging_mixin.py:151} INFO - [2025-05-01T00:04:39.191+0000] {dagbag.py:539} INFO - Filling up the DagBag from /opt/airflow/dags/cep_etl_dag.py
[2025-05-01T00:04:39.205+0000] {logging_mixin.py:151} INFO - [2025-05-01T00:04:39.201+0000] {dagbag.py:347} ERROR - Failed to import: /opt/airflow/dags/cep_etl_dag.py
Traceback (most recent call last):
  File "/home/airflow/.local/lib/python3.8/site-packages/airflow/models/dagbag.py", line 343, in parse
    loader.exec_module(new_module)
  File "<frozen importlib._bootstrap_external>", line 843, in exec_module
  File "<frozen importlib._bootstrap>", line 219, in _call_with_frames_removed
  File "/opt/airflow/dags/cep_etl_dag.py", line 10, in <module>
    from etl.extractors.cep_extractor import CEPExtractor
ModuleNotFoundError: No module named 'etl'
[2025-05-01T00:04:39.206+0000] {processor.py:841} WARNING - No viable dags retrieved from /opt/airflow/dags/cep_etl_dag.py
[2025-05-01T00:04:39.254+0000] {processor.py:179} INFO - Processing /opt/airflow/dags/cep_etl_dag.py took 0.071 seconds
[2025-05-01T00:05:09.449+0000] {processor.py:157} INFO - Started process (PID=196) to work on /opt/airflow/dags/cep_etl_dag.py
[2025-05-01T00:05:09.451+0000] {processor.py:829} INFO - Processing file /opt/airflow/dags/cep_etl_dag.py for tasks to queue
[2025-05-01T00:05:09.452+0000] {logging_mixin.py:151} INFO - [2025-05-01T00:05:09.452+0000] {dagbag.py:539} INFO - Filling up the DagBag from /opt/airflow/dags/cep_etl_dag.py
[2025-05-01T00:05:09.458+0000] {logging_mixin.py:151} INFO - [2025-05-01T00:05:09.457+0000] {dagbag.py:347} ERROR - Failed to import: /opt/airflow/dags/cep_etl_dag.py
Traceback (most recent call last):
  File "/home/airflow/.local/lib/python3.8/site-packages/airflow/models/dagbag.py", line 343, in parse
    loader.exec_module(new_module)
  File "<frozen importlib._bootstrap_external>", line 843, in exec_module
  File "<frozen importlib._bootstrap>", line 219, in _call_with_frames_removed
  File "/opt/airflow/dags/cep_etl_dag.py", line 10, in <module>
    from etl.extractors.cep_extractor import CEPExtractor
ModuleNotFoundError: No module named 'etl'
[2025-05-01T00:05:09.458+0000] {processor.py:841} WARNING - No viable dags retrieved from /opt/airflow/dags/cep_etl_dag.py
[2025-05-01T00:05:09.484+0000] {processor.py:179} INFO - Processing /opt/airflow/dags/cep_etl_dag.py took 0.038 seconds
[2025-05-01T00:05:29.591+0000] {processor.py:157} INFO - Started process (PID=201) to work on /opt/airflow/dags/cep_etl_dag.py
[2025-05-01T00:05:29.594+0000] {processor.py:829} INFO - Processing file /opt/airflow/dags/cep_etl_dag.py for tasks to queue
[2025-05-01T00:05:29.595+0000] {logging_mixin.py:151} INFO - [2025-05-01T00:05:29.595+0000] {dagbag.py:539} INFO - Filling up the DagBag from /opt/airflow/dags/cep_etl_dag.py
[2025-05-01T00:05:29.602+0000] {logging_mixin.py:151} INFO - [2025-05-01T00:05:29.601+0000] {dagbag.py:347} ERROR - Failed to import: /opt/airflow/dags/cep_etl_dag.py
Traceback (most recent call last):
  File "/home/airflow/.local/lib/python3.8/site-packages/airflow/models/dagbag.py", line 343, in parse
    loader.exec_module(new_module)
  File "<frozen importlib._bootstrap_external>", line 843, in exec_module
  File "<frozen importlib._bootstrap>", line 219, in _call_with_frames_removed
  File "/opt/airflow/dags/cep_etl_dag.py", line 10, in <module>
    from etl.extractors.cep_extractor import CEPExtractor
ModuleNotFoundError: No module named 'etl'
[2025-05-01T00:05:29.603+0000] {processor.py:841} WARNING - No viable dags retrieved from /opt/airflow/dags/cep_etl_dag.py
[2025-05-01T00:05:29.642+0000] {processor.py:179} INFO - Processing /opt/airflow/dags/cep_etl_dag.py took 0.056 seconds
[2025-05-01T00:05:59.831+0000] {processor.py:157} INFO - Started process (PID=206) to work on /opt/airflow/dags/cep_etl_dag.py
[2025-05-01T00:05:59.833+0000] {processor.py:829} INFO - Processing file /opt/airflow/dags/cep_etl_dag.py for tasks to queue
[2025-05-01T00:05:59.835+0000] {logging_mixin.py:151} INFO - [2025-05-01T00:05:59.834+0000] {dagbag.py:539} INFO - Filling up the DagBag from /opt/airflow/dags/cep_etl_dag.py
[2025-05-01T00:05:59.844+0000] {logging_mixin.py:151} INFO - [2025-05-01T00:05:59.842+0000] {dagbag.py:347} ERROR - Failed to import: /opt/airflow/dags/cep_etl_dag.py
Traceback (most recent call last):
  File "/home/airflow/.local/lib/python3.8/site-packages/airflow/models/dagbag.py", line 343, in parse
    loader.exec_module(new_module)
  File "<frozen importlib._bootstrap_external>", line 843, in exec_module
  File "<frozen importlib._bootstrap>", line 219, in _call_with_frames_removed
  File "/opt/airflow/dags/cep_etl_dag.py", line 10, in <module>
    from etl.extractors.cep_extractor import CEPExtractor
ModuleNotFoundError: No module named 'etl'
[2025-05-01T00:05:59.844+0000] {processor.py:841} WARNING - No viable dags retrieved from /opt/airflow/dags/cep_etl_dag.py
[2025-05-01T00:05:59.877+0000] {processor.py:179} INFO - Processing /opt/airflow/dags/cep_etl_dag.py took 0.051 seconds
[2025-05-01T00:11:23.203+0000] {processor.py:157} INFO - Started process (PID=170) to work on /opt/airflow/dags/cep_etl_dag.py
[2025-05-01T00:11:23.212+0000] {processor.py:829} INFO - Processing file /opt/airflow/dags/cep_etl_dag.py for tasks to queue
[2025-05-01T00:11:23.213+0000] {logging_mixin.py:151} INFO - [2025-05-01T00:11:23.213+0000] {dagbag.py:539} INFO - Filling up the DagBag from /opt/airflow/dags/cep_etl_dag.py
[2025-05-01T00:11:25.837+0000] {processor.py:839} INFO - DAG(s) dict_keys(['cep_etl']) retrieved from /opt/airflow/dags/cep_etl_dag.py
[2025-05-01T00:11:26.248+0000] {logging_mixin.py:151} INFO - [2025-05-01T00:11:26.248+0000] {manager.py:499} INFO - Created Permission View: %s
[2025-05-01T00:11:26.269+0000] {logging_mixin.py:151} INFO - [2025-05-01T00:11:26.268+0000] {manager.py:499} INFO - Created Permission View: %s
[2025-05-01T00:11:26.288+0000] {logging_mixin.py:151} INFO - [2025-05-01T00:11:26.288+0000] {manager.py:499} INFO - Created Permission View: %s
[2025-05-01T00:11:26.290+0000] {logging_mixin.py:151} INFO - [2025-05-01T00:11:26.289+0000] {security.py:708} INFO - Not syncing DAG-level permissions for DAG 'DAG:cep_etl' as access control is unset.
[2025-05-01T00:11:26.291+0000] {logging_mixin.py:151} INFO - [2025-05-01T00:11:26.290+0000] {dag.py:2915} INFO - Sync 1 DAGs
[2025-05-01T00:11:26.316+0000] {logging_mixin.py:151} INFO - [2025-05-01T00:11:26.316+0000] {dag.py:2937} INFO - Creating ORM DAG for cep_etl
[2025-05-01T00:11:26.338+0000] {logging_mixin.py:151} INFO - [2025-05-01T00:11:26.338+0000] {dag.py:3696} INFO - Setting next_dagrun for cep_etl to 2025-04-30T00:11:26.337833+00:00, run_after=2025-05-01T00:11:26.337833+00:00
[2025-05-01T00:11:26.383+0000] {processor.py:179} INFO - Processing /opt/airflow/dags/cep_etl_dag.py took 3.186 seconds
[2025-05-01T00:11:56.472+0000] {processor.py:157} INFO - Started process (PID=177) to work on /opt/airflow/dags/cep_etl_dag.py
[2025-05-01T00:11:56.476+0000] {processor.py:829} INFO - Processing file /opt/airflow/dags/cep_etl_dag.py for tasks to queue
[2025-05-01T00:11:56.477+0000] {logging_mixin.py:151} INFO - [2025-05-01T00:11:56.477+0000] {dagbag.py:539} INFO - Filling up the DagBag from /opt/airflow/dags/cep_etl_dag.py
[2025-05-01T00:11:57.347+0000] {processor.py:839} INFO - DAG(s) dict_keys(['cep_etl']) retrieved from /opt/airflow/dags/cep_etl_dag.py
[2025-05-01T00:11:57.388+0000] {logging_mixin.py:151} INFO - [2025-05-01T00:11:57.387+0000] {dag.py:2915} INFO - Sync 1 DAGs
[2025-05-01T00:11:57.420+0000] {logging_mixin.py:151} INFO - [2025-05-01T00:11:57.420+0000] {dag.py:3696} INFO - Setting next_dagrun for cep_etl to 2025-04-30T00:11:57.419871+00:00, run_after=2025-05-01T00:11:57.419871+00:00
[2025-05-01T00:11:57.457+0000] {processor.py:179} INFO - Processing /opt/airflow/dags/cep_etl_dag.py took 0.991 seconds
[2025-05-01T00:12:27.697+0000] {processor.py:157} INFO - Started process (PID=183) to work on /opt/airflow/dags/cep_etl_dag.py
[2025-05-01T00:12:27.699+0000] {processor.py:829} INFO - Processing file /opt/airflow/dags/cep_etl_dag.py for tasks to queue
[2025-05-01T00:12:27.701+0000] {logging_mixin.py:151} INFO - [2025-05-01T00:12:27.700+0000] {dagbag.py:539} INFO - Filling up the DagBag from /opt/airflow/dags/cep_etl_dag.py
[2025-05-01T00:12:28.663+0000] {processor.py:839} INFO - DAG(s) dict_keys(['cep_etl']) retrieved from /opt/airflow/dags/cep_etl_dag.py
[2025-05-01T00:12:28.710+0000] {logging_mixin.py:151} INFO - [2025-05-01T00:12:28.709+0000] {dag.py:2915} INFO - Sync 1 DAGs
[2025-05-01T00:12:28.752+0000] {logging_mixin.py:151} INFO - [2025-05-01T00:12:28.751+0000] {dag.py:3696} INFO - Setting next_dagrun for cep_etl to 2025-04-30T00:12:28.750957+00:00, run_after=2025-05-01T00:12:28.750957+00:00
[2025-05-01T00:12:28.796+0000] {processor.py:179} INFO - Processing /opt/airflow/dags/cep_etl_dag.py took 1.105 seconds
[2025-05-01T00:12:58.938+0000] {processor.py:157} INFO - Started process (PID=189) to work on /opt/airflow/dags/cep_etl_dag.py
[2025-05-01T00:12:58.941+0000] {processor.py:829} INFO - Processing file /opt/airflow/dags/cep_etl_dag.py for tasks to queue
[2025-05-01T00:12:58.942+0000] {logging_mixin.py:151} INFO - [2025-05-01T00:12:58.942+0000] {dagbag.py:539} INFO - Filling up the DagBag from /opt/airflow/dags/cep_etl_dag.py
[2025-05-01T00:12:59.815+0000] {processor.py:839} INFO - DAG(s) dict_keys(['cep_etl']) retrieved from /opt/airflow/dags/cep_etl_dag.py
[2025-05-01T00:12:59.858+0000] {logging_mixin.py:151} INFO - [2025-05-01T00:12:59.857+0000] {dag.py:2915} INFO - Sync 1 DAGs
[2025-05-01T00:12:59.895+0000] {logging_mixin.py:151} INFO - [2025-05-01T00:12:59.894+0000] {dag.py:3696} INFO - Setting next_dagrun for cep_etl to 2025-04-30T00:12:59.894074+00:00, run_after=2025-05-01T00:12:59.894074+00:00
[2025-05-01T00:12:59.934+0000] {processor.py:179} INFO - Processing /opt/airflow/dags/cep_etl_dag.py took 1.002 seconds
[2025-05-01T00:13:30.174+0000] {processor.py:157} INFO - Started process (PID=195) to work on /opt/airflow/dags/cep_etl_dag.py
[2025-05-01T00:13:30.177+0000] {processor.py:829} INFO - Processing file /opt/airflow/dags/cep_etl_dag.py for tasks to queue
[2025-05-01T00:13:30.179+0000] {logging_mixin.py:151} INFO - [2025-05-01T00:13:30.178+0000] {dagbag.py:539} INFO - Filling up the DagBag from /opt/airflow/dags/cep_etl_dag.py
[2025-05-01T00:13:31.101+0000] {processor.py:839} INFO - DAG(s) dict_keys(['cep_etl']) retrieved from /opt/airflow/dags/cep_etl_dag.py
[2025-05-01T00:13:31.146+0000] {logging_mixin.py:151} INFO - [2025-05-01T00:13:31.146+0000] {dag.py:2915} INFO - Sync 1 DAGs
[2025-05-01T00:13:31.189+0000] {logging_mixin.py:151} INFO - [2025-05-01T00:13:31.188+0000] {dag.py:3696} INFO - Setting next_dagrun for cep_etl to 2025-04-30T00:13:31.188450+00:00, run_after=2025-05-01T00:13:31.188450+00:00
[2025-05-01T00:13:31.224+0000] {processor.py:179} INFO - Processing /opt/airflow/dags/cep_etl_dag.py took 1.055 seconds
[2025-05-01T00:14:01.413+0000] {processor.py:157} INFO - Started process (PID=201) to work on /opt/airflow/dags/cep_etl_dag.py
[2025-05-01T00:14:01.415+0000] {processor.py:829} INFO - Processing file /opt/airflow/dags/cep_etl_dag.py for tasks to queue
[2025-05-01T00:14:01.416+0000] {logging_mixin.py:151} INFO - [2025-05-01T00:14:01.415+0000] {dagbag.py:539} INFO - Filling up the DagBag from /opt/airflow/dags/cep_etl_dag.py
[2025-05-01T00:14:02.357+0000] {processor.py:839} INFO - DAG(s) dict_keys(['cep_etl']) retrieved from /opt/airflow/dags/cep_etl_dag.py
[2025-05-01T00:14:02.402+0000] {logging_mixin.py:151} INFO - [2025-05-01T00:14:02.400+0000] {dag.py:2915} INFO - Sync 1 DAGs
[2025-05-01T00:14:02.438+0000] {logging_mixin.py:151} INFO - [2025-05-01T00:14:02.438+0000] {dag.py:3696} INFO - Setting next_dagrun for cep_etl to 2025-04-30T00:14:02.437542+00:00, run_after=2025-05-01T00:14:02.437542+00:00
[2025-05-01T00:14:02.471+0000] {processor.py:179} INFO - Processing /opt/airflow/dags/cep_etl_dag.py took 1.063 seconds
[2025-05-01T00:14:32.899+0000] {processor.py:157} INFO - Started process (PID=207) to work on /opt/airflow/dags/cep_etl_dag.py
[2025-05-01T00:14:32.900+0000] {processor.py:829} INFO - Processing file /opt/airflow/dags/cep_etl_dag.py for tasks to queue
[2025-05-01T00:14:32.902+0000] {logging_mixin.py:151} INFO - [2025-05-01T00:14:32.901+0000] {dagbag.py:539} INFO - Filling up the DagBag from /opt/airflow/dags/cep_etl_dag.py
[2025-05-01T00:14:33.596+0000] {processor.py:839} INFO - DAG(s) dict_keys(['cep_etl']) retrieved from /opt/airflow/dags/cep_etl_dag.py
[2025-05-01T00:14:33.644+0000] {logging_mixin.py:151} INFO - [2025-05-01T00:14:33.643+0000] {dag.py:2915} INFO - Sync 1 DAGs
[2025-05-01T00:14:33.689+0000] {logging_mixin.py:151} INFO - [2025-05-01T00:14:33.689+0000] {dag.py:3696} INFO - Setting next_dagrun for cep_etl to 2025-04-30T00:14:33.688731+00:00, run_after=2025-05-01T00:14:33.688731+00:00
[2025-05-01T00:14:33.728+0000] {processor.py:179} INFO - Processing /opt/airflow/dags/cep_etl_dag.py took 0.833 seconds
[2025-05-01T00:15:04.009+0000] {processor.py:157} INFO - Started process (PID=213) to work on /opt/airflow/dags/cep_etl_dag.py
[2025-05-01T00:15:04.012+0000] {processor.py:829} INFO - Processing file /opt/airflow/dags/cep_etl_dag.py for tasks to queue
[2025-05-01T00:15:04.014+0000] {logging_mixin.py:151} INFO - [2025-05-01T00:15:04.014+0000] {dagbag.py:539} INFO - Filling up the DagBag from /opt/airflow/dags/cep_etl_dag.py
[2025-05-01T00:15:04.911+0000] {processor.py:839} INFO - DAG(s) dict_keys(['cep_etl']) retrieved from /opt/airflow/dags/cep_etl_dag.py
[2025-05-01T00:15:04.961+0000] {logging_mixin.py:151} INFO - [2025-05-01T00:15:04.961+0000] {dag.py:2915} INFO - Sync 1 DAGs
[2025-05-01T00:15:05.003+0000] {logging_mixin.py:151} INFO - [2025-05-01T00:15:05.002+0000] {dag.py:3696} INFO - Setting next_dagrun for cep_etl to 2025-04-30T00:15:05.002338+00:00, run_after=2025-05-01T00:15:05.002338+00:00
[2025-05-01T00:15:05.047+0000] {processor.py:179} INFO - Processing /opt/airflow/dags/cep_etl_dag.py took 1.047 seconds
[2025-05-01T00:15:35.236+0000] {processor.py:157} INFO - Started process (PID=219) to work on /opt/airflow/dags/cep_etl_dag.py
[2025-05-01T00:15:35.238+0000] {processor.py:829} INFO - Processing file /opt/airflow/dags/cep_etl_dag.py for tasks to queue
[2025-05-01T00:15:35.239+0000] {logging_mixin.py:151} INFO - [2025-05-01T00:15:35.238+0000] {dagbag.py:539} INFO - Filling up the DagBag from /opt/airflow/dags/cep_etl_dag.py
[2025-05-01T00:15:36.013+0000] {processor.py:839} INFO - DAG(s) dict_keys(['cep_etl']) retrieved from /opt/airflow/dags/cep_etl_dag.py
[2025-05-01T00:15:36.060+0000] {logging_mixin.py:151} INFO - [2025-05-01T00:15:36.059+0000] {dag.py:2915} INFO - Sync 1 DAGs
[2025-05-01T00:15:36.099+0000] {logging_mixin.py:151} INFO - [2025-05-01T00:15:36.098+0000] {dag.py:3696} INFO - Setting next_dagrun for cep_etl to 2025-04-30T00:15:36.098650+00:00, run_after=2025-05-01T00:15:36.098650+00:00
[2025-05-01T00:15:36.138+0000] {processor.py:179} INFO - Processing /opt/airflow/dags/cep_etl_dag.py took 0.906 seconds
[2025-05-01T00:16:06.384+0000] {processor.py:157} INFO - Started process (PID=244) to work on /opt/airflow/dags/cep_etl_dag.py
[2025-05-01T00:16:06.387+0000] {processor.py:829} INFO - Processing file /opt/airflow/dags/cep_etl_dag.py for tasks to queue
[2025-05-01T00:16:06.389+0000] {logging_mixin.py:151} INFO - [2025-05-01T00:16:06.388+0000] {dagbag.py:539} INFO - Filling up the DagBag from /opt/airflow/dags/cep_etl_dag.py
[2025-05-01T00:16:07.154+0000] {processor.py:839} INFO - DAG(s) dict_keys(['cep_etl']) retrieved from /opt/airflow/dags/cep_etl_dag.py
[2025-05-01T00:16:07.186+0000] {logging_mixin.py:151} INFO - [2025-05-01T00:16:07.186+0000] {dag.py:2915} INFO - Sync 1 DAGs
[2025-05-01T00:16:07.223+0000] {logging_mixin.py:151} INFO - [2025-05-01T00:16:07.222+0000] {dag.py:3696} INFO - Setting next_dagrun for cep_etl to 2025-04-30T00:16:07.222468+00:00, run_after=2025-05-01T00:16:07.222468+00:00
[2025-05-01T00:16:07.255+0000] {processor.py:179} INFO - Processing /opt/airflow/dags/cep_etl_dag.py took 0.878 seconds
[2025-05-01T00:16:37.512+0000] {processor.py:157} INFO - Started process (PID=250) to work on /opt/airflow/dags/cep_etl_dag.py
[2025-05-01T00:16:37.513+0000] {processor.py:829} INFO - Processing file /opt/airflow/dags/cep_etl_dag.py for tasks to queue
[2025-05-01T00:16:37.515+0000] {logging_mixin.py:151} INFO - [2025-05-01T00:16:37.514+0000] {dagbag.py:539} INFO - Filling up the DagBag from /opt/airflow/dags/cep_etl_dag.py
[2025-05-01T00:16:37.989+0000] {processor.py:839} INFO - DAG(s) dict_keys(['cep_etl']) retrieved from /opt/airflow/dags/cep_etl_dag.py
[2025-05-01T00:16:38.018+0000] {logging_mixin.py:151} INFO - [2025-05-01T00:16:38.018+0000] {dag.py:2915} INFO - Sync 1 DAGs
[2025-05-01T00:16:38.040+0000] {logging_mixin.py:151} INFO - [2025-05-01T00:16:38.040+0000] {dag.py:3696} INFO - Setting next_dagrun for cep_etl to 2025-04-30T00:16:38.040476+00:00, run_after=2025-05-01T00:16:38.040476+00:00
[2025-05-01T00:16:38.064+0000] {processor.py:179} INFO - Processing /opt/airflow/dags/cep_etl_dag.py took 0.558 seconds
[2025-05-01T00:17:08.289+0000] {processor.py:157} INFO - Started process (PID=256) to work on /opt/airflow/dags/cep_etl_dag.py
[2025-05-01T00:17:08.292+0000] {processor.py:829} INFO - Processing file /opt/airflow/dags/cep_etl_dag.py for tasks to queue
[2025-05-01T00:17:08.292+0000] {logging_mixin.py:151} INFO - [2025-05-01T00:17:08.292+0000] {dagbag.py:539} INFO - Filling up the DagBag from /opt/airflow/dags/cep_etl_dag.py
[2025-05-01T00:17:08.724+0000] {processor.py:839} INFO - DAG(s) dict_keys(['cep_etl']) retrieved from /opt/airflow/dags/cep_etl_dag.py
[2025-05-01T00:17:08.755+0000] {logging_mixin.py:151} INFO - [2025-05-01T00:17:08.754+0000] {dag.py:2915} INFO - Sync 1 DAGs
[2025-05-01T00:17:08.783+0000] {logging_mixin.py:151} INFO - [2025-05-01T00:17:08.783+0000] {dag.py:3696} INFO - Setting next_dagrun for cep_etl to 2025-04-30T00:17:08.782907+00:00, run_after=2025-05-01T00:17:08.782907+00:00
[2025-05-01T00:17:08.805+0000] {processor.py:179} INFO - Processing /opt/airflow/dags/cep_etl_dag.py took 0.521 seconds
[2025-05-01T00:17:39.044+0000] {processor.py:157} INFO - Started process (PID=262) to work on /opt/airflow/dags/cep_etl_dag.py
[2025-05-01T00:17:39.045+0000] {processor.py:829} INFO - Processing file /opt/airflow/dags/cep_etl_dag.py for tasks to queue
[2025-05-01T00:17:39.045+0000] {logging_mixin.py:151} INFO - [2025-05-01T00:17:39.045+0000] {dagbag.py:539} INFO - Filling up the DagBag from /opt/airflow/dags/cep_etl_dag.py
[2025-05-01T00:17:39.626+0000] {processor.py:839} INFO - DAG(s) dict_keys(['cep_etl']) retrieved from /opt/airflow/dags/cep_etl_dag.py
[2025-05-01T00:17:39.664+0000] {logging_mixin.py:151} INFO - [2025-05-01T00:17:39.663+0000] {dag.py:2915} INFO - Sync 1 DAGs
[2025-05-01T00:17:39.695+0000] {logging_mixin.py:151} INFO - [2025-05-01T00:17:39.695+0000] {dag.py:3696} INFO - Setting next_dagrun for cep_etl to 2025-04-30T00:17:39.694845+00:00, run_after=2025-05-01T00:17:39.694845+00:00
[2025-05-01T00:17:39.728+0000] {processor.py:179} INFO - Processing /opt/airflow/dags/cep_etl_dag.py took 0.688 seconds
[2025-05-01T00:18:09.948+0000] {processor.py:157} INFO - Started process (PID=268) to work on /opt/airflow/dags/cep_etl_dag.py
[2025-05-01T00:18:09.951+0000] {processor.py:829} INFO - Processing file /opt/airflow/dags/cep_etl_dag.py for tasks to queue
[2025-05-01T00:18:09.952+0000] {logging_mixin.py:151} INFO - [2025-05-01T00:18:09.951+0000] {dagbag.py:539} INFO - Filling up the DagBag from /opt/airflow/dags/cep_etl_dag.py
[2025-05-01T00:18:10.403+0000] {processor.py:839} INFO - DAG(s) dict_keys(['cep_etl']) retrieved from /opt/airflow/dags/cep_etl_dag.py
[2025-05-01T00:18:10.436+0000] {logging_mixin.py:151} INFO - [2025-05-01T00:18:10.435+0000] {dag.py:2915} INFO - Sync 1 DAGs
[2025-05-01T00:18:10.460+0000] {logging_mixin.py:151} INFO - [2025-05-01T00:18:10.460+0000] {dag.py:3696} INFO - Setting next_dagrun for cep_etl to 2025-04-30T00:18:10.460338+00:00, run_after=2025-05-01T00:18:10.460338+00:00
[2025-05-01T00:18:10.484+0000] {processor.py:179} INFO - Processing /opt/airflow/dags/cep_etl_dag.py took 0.539 seconds
[2025-05-01T00:18:40.704+0000] {processor.py:157} INFO - Started process (PID=274) to work on /opt/airflow/dags/cep_etl_dag.py
[2025-05-01T00:18:40.705+0000] {processor.py:829} INFO - Processing file /opt/airflow/dags/cep_etl_dag.py for tasks to queue
[2025-05-01T00:18:40.706+0000] {logging_mixin.py:151} INFO - [2025-05-01T00:18:40.706+0000] {dagbag.py:539} INFO - Filling up the DagBag from /opt/airflow/dags/cep_etl_dag.py
[2025-05-01T00:18:41.227+0000] {processor.py:839} INFO - DAG(s) dict_keys(['cep_etl']) retrieved from /opt/airflow/dags/cep_etl_dag.py
[2025-05-01T00:18:41.265+0000] {logging_mixin.py:151} INFO - [2025-05-01T00:18:41.265+0000] {dag.py:2915} INFO - Sync 1 DAGs
[2025-05-01T00:18:41.297+0000] {logging_mixin.py:151} INFO - [2025-05-01T00:18:41.297+0000] {dag.py:3696} INFO - Setting next_dagrun for cep_etl to 2025-04-30T00:18:41.297133+00:00, run_after=2025-05-01T00:18:41.297133+00:00
[2025-05-01T00:18:41.325+0000] {processor.py:179} INFO - Processing /opt/airflow/dags/cep_etl_dag.py took 0.626 seconds
[2025-05-01T00:19:11.539+0000] {processor.py:157} INFO - Started process (PID=280) to work on /opt/airflow/dags/cep_etl_dag.py
[2025-05-01T00:19:11.542+0000] {processor.py:829} INFO - Processing file /opt/airflow/dags/cep_etl_dag.py for tasks to queue
[2025-05-01T00:19:11.543+0000] {logging_mixin.py:151} INFO - [2025-05-01T00:19:11.543+0000] {dagbag.py:539} INFO - Filling up the DagBag from /opt/airflow/dags/cep_etl_dag.py
[2025-05-01T00:19:11.992+0000] {processor.py:839} INFO - DAG(s) dict_keys(['cep_etl']) retrieved from /opt/airflow/dags/cep_etl_dag.py
[2025-05-01T00:19:12.021+0000] {logging_mixin.py:151} INFO - [2025-05-01T00:19:12.021+0000] {dag.py:2915} INFO - Sync 1 DAGs
[2025-05-01T00:19:12.046+0000] {logging_mixin.py:151} INFO - [2025-05-01T00:19:12.045+0000] {dag.py:3696} INFO - Setting next_dagrun for cep_etl to 2025-04-30T00:19:12.045644+00:00, run_after=2025-05-01T00:19:12.045644+00:00
[2025-05-01T00:19:12.069+0000] {processor.py:179} INFO - Processing /opt/airflow/dags/cep_etl_dag.py took 0.535 seconds
[2025-05-01T00:19:42.299+0000] {processor.py:157} INFO - Started process (PID=286) to work on /opt/airflow/dags/cep_etl_dag.py
[2025-05-01T00:19:42.300+0000] {processor.py:829} INFO - Processing file /opt/airflow/dags/cep_etl_dag.py for tasks to queue
[2025-05-01T00:19:42.301+0000] {logging_mixin.py:151} INFO - [2025-05-01T00:19:42.301+0000] {dagbag.py:539} INFO - Filling up the DagBag from /opt/airflow/dags/cep_etl_dag.py
[2025-05-01T00:19:42.755+0000] {processor.py:839} INFO - DAG(s) dict_keys(['cep_etl']) retrieved from /opt/airflow/dags/cep_etl_dag.py
[2025-05-01T00:19:42.786+0000] {logging_mixin.py:151} INFO - [2025-05-01T00:19:42.786+0000] {dag.py:2915} INFO - Sync 1 DAGs
[2025-05-01T00:19:42.811+0000] {logging_mixin.py:151} INFO - [2025-05-01T00:19:42.810+0000] {dag.py:3696} INFO - Setting next_dagrun for cep_etl to 2025-04-30T00:19:42.810538+00:00, run_after=2025-05-01T00:19:42.810538+00:00
[2025-05-01T00:19:42.834+0000] {processor.py:179} INFO - Processing /opt/airflow/dags/cep_etl_dag.py took 0.540 seconds
[2025-05-01T00:20:12.913+0000] {processor.py:157} INFO - Started process (PID=292) to work on /opt/airflow/dags/cep_etl_dag.py
[2025-05-01T00:20:12.914+0000] {processor.py:829} INFO - Processing file /opt/airflow/dags/cep_etl_dag.py for tasks to queue
[2025-05-01T00:20:12.915+0000] {logging_mixin.py:151} INFO - [2025-05-01T00:20:12.915+0000] {dagbag.py:539} INFO - Filling up the DagBag from /opt/airflow/dags/cep_etl_dag.py
[2025-05-01T00:20:13.412+0000] {processor.py:839} INFO - DAG(s) dict_keys(['cep_etl']) retrieved from /opt/airflow/dags/cep_etl_dag.py
[2025-05-01T00:20:13.447+0000] {logging_mixin.py:151} INFO - [2025-05-01T00:20:13.446+0000] {dag.py:2915} INFO - Sync 1 DAGs
[2025-05-01T00:20:13.475+0000] {logging_mixin.py:151} INFO - [2025-05-01T00:20:13.475+0000] {dag.py:3696} INFO - Setting next_dagrun for cep_etl to 2025-04-30T00:20:13.475194+00:00, run_after=2025-05-01T00:20:13.475194+00:00
[2025-05-01T00:20:13.501+0000] {processor.py:179} INFO - Processing /opt/airflow/dags/cep_etl_dag.py took 0.593 seconds
[2025-05-01T00:20:43.727+0000] {processor.py:157} INFO - Started process (PID=298) to work on /opt/airflow/dags/cep_etl_dag.py
[2025-05-01T00:20:43.728+0000] {processor.py:829} INFO - Processing file /opt/airflow/dags/cep_etl_dag.py for tasks to queue
[2025-05-01T00:20:43.729+0000] {logging_mixin.py:151} INFO - [2025-05-01T00:20:43.729+0000] {dagbag.py:539} INFO - Filling up the DagBag from /opt/airflow/dags/cep_etl_dag.py
[2025-05-01T00:20:44.176+0000] {processor.py:839} INFO - DAG(s) dict_keys(['cep_etl']) retrieved from /opt/airflow/dags/cep_etl_dag.py
[2025-05-01T00:20:44.207+0000] {logging_mixin.py:151} INFO - [2025-05-01T00:20:44.206+0000] {dag.py:2915} INFO - Sync 1 DAGs
[2025-05-01T00:20:44.230+0000] {logging_mixin.py:151} INFO - [2025-05-01T00:20:44.230+0000] {dag.py:3696} INFO - Setting next_dagrun for cep_etl to 2025-04-30T00:20:44.229830+00:00, run_after=2025-05-01T00:20:44.229830+00:00
[2025-05-01T00:20:44.256+0000] {processor.py:179} INFO - Processing /opt/airflow/dags/cep_etl_dag.py took 0.534 seconds
[2025-05-01T00:21:14.409+0000] {processor.py:157} INFO - Started process (PID=304) to work on /opt/airflow/dags/cep_etl_dag.py
[2025-05-01T00:21:14.412+0000] {processor.py:829} INFO - Processing file /opt/airflow/dags/cep_etl_dag.py for tasks to queue
[2025-05-01T00:21:14.413+0000] {logging_mixin.py:151} INFO - [2025-05-01T00:21:14.413+0000] {dagbag.py:539} INFO - Filling up the DagBag from /opt/airflow/dags/cep_etl_dag.py
[2025-05-01T00:21:14.858+0000] {processor.py:839} INFO - DAG(s) dict_keys(['cep_etl']) retrieved from /opt/airflow/dags/cep_etl_dag.py
[2025-05-01T00:21:14.885+0000] {logging_mixin.py:151} INFO - [2025-05-01T00:21:14.885+0000] {dag.py:2915} INFO - Sync 1 DAGs
[2025-05-01T00:21:14.909+0000] {logging_mixin.py:151} INFO - [2025-05-01T00:21:14.909+0000] {dag.py:3696} INFO - Setting next_dagrun for cep_etl to 2025-04-30T00:21:14.909271+00:00, run_after=2025-05-01T00:21:14.909271+00:00
[2025-05-01T00:21:14.933+0000] {processor.py:179} INFO - Processing /opt/airflow/dags/cep_etl_dag.py took 0.529 seconds
[2025-05-01T00:21:45.158+0000] {processor.py:157} INFO - Started process (PID=310) to work on /opt/airflow/dags/cep_etl_dag.py
[2025-05-01T00:21:45.161+0000] {processor.py:829} INFO - Processing file /opt/airflow/dags/cep_etl_dag.py for tasks to queue
[2025-05-01T00:21:45.162+0000] {logging_mixin.py:151} INFO - [2025-05-01T00:21:45.162+0000] {dagbag.py:539} INFO - Filling up the DagBag from /opt/airflow/dags/cep_etl_dag.py
[2025-05-01T00:21:45.655+0000] {processor.py:839} INFO - DAG(s) dict_keys(['cep_etl']) retrieved from /opt/airflow/dags/cep_etl_dag.py
[2025-05-01T00:21:45.689+0000] {logging_mixin.py:151} INFO - [2025-05-01T00:21:45.688+0000] {dag.py:2915} INFO - Sync 1 DAGs
[2025-05-01T00:21:45.720+0000] {logging_mixin.py:151} INFO - [2025-05-01T00:21:45.720+0000] {dag.py:3696} INFO - Setting next_dagrun for cep_etl to 2025-04-30T00:21:45.719939+00:00, run_after=2025-05-01T00:21:45.719939+00:00
[2025-05-01T00:21:45.745+0000] {processor.py:179} INFO - Processing /opt/airflow/dags/cep_etl_dag.py took 0.592 seconds
[2025-05-01T00:22:15.842+0000] {processor.py:157} INFO - Started process (PID=316) to work on /opt/airflow/dags/cep_etl_dag.py
[2025-05-01T00:22:15.843+0000] {processor.py:829} INFO - Processing file /opt/airflow/dags/cep_etl_dag.py for tasks to queue
[2025-05-01T00:22:15.844+0000] {logging_mixin.py:151} INFO - [2025-05-01T00:22:15.844+0000] {dagbag.py:539} INFO - Filling up the DagBag from /opt/airflow/dags/cep_etl_dag.py
[2025-05-01T00:22:16.398+0000] {processor.py:839} INFO - DAG(s) dict_keys(['cep_etl']) retrieved from /opt/airflow/dags/cep_etl_dag.py
[2025-05-01T00:22:16.447+0000] {logging_mixin.py:151} INFO - [2025-05-01T00:22:16.445+0000] {dag.py:2915} INFO - Sync 1 DAGs
[2025-05-01T00:22:16.481+0000] {logging_mixin.py:151} INFO - [2025-05-01T00:22:16.480+0000] {dag.py:3696} INFO - Setting next_dagrun for cep_etl to 2025-04-30T00:22:16.480599+00:00, run_after=2025-05-01T00:22:16.480599+00:00
[2025-05-01T00:22:16.522+0000] {processor.py:179} INFO - Processing /opt/airflow/dags/cep_etl_dag.py took 0.683 seconds
[2025-05-01T00:22:46.731+0000] {processor.py:157} INFO - Started process (PID=322) to work on /opt/airflow/dags/cep_etl_dag.py
[2025-05-01T00:22:46.734+0000] {processor.py:829} INFO - Processing file /opt/airflow/dags/cep_etl_dag.py for tasks to queue
[2025-05-01T00:22:46.735+0000] {logging_mixin.py:151} INFO - [2025-05-01T00:22:46.735+0000] {dagbag.py:539} INFO - Filling up the DagBag from /opt/airflow/dags/cep_etl_dag.py
[2025-05-01T00:22:47.271+0000] {processor.py:839} INFO - DAG(s) dict_keys(['cep_etl']) retrieved from /opt/airflow/dags/cep_etl_dag.py
[2025-05-01T00:22:47.305+0000] {logging_mixin.py:151} INFO - [2025-05-01T00:22:47.305+0000] {dag.py:2915} INFO - Sync 1 DAGs
[2025-05-01T00:22:47.337+0000] {logging_mixin.py:151} INFO - [2025-05-01T00:22:47.336+0000] {dag.py:3696} INFO - Setting next_dagrun for cep_etl to 2025-04-30T00:22:47.336530+00:00, run_after=2025-05-01T00:22:47.336530+00:00
[2025-05-01T00:22:47.367+0000] {processor.py:179} INFO - Processing /opt/airflow/dags/cep_etl_dag.py took 0.641 seconds
[2025-05-01T00:23:17.534+0000] {processor.py:157} INFO - Started process (PID=328) to work on /opt/airflow/dags/cep_etl_dag.py
[2025-05-01T00:23:17.535+0000] {processor.py:829} INFO - Processing file /opt/airflow/dags/cep_etl_dag.py for tasks to queue
[2025-05-01T00:23:17.535+0000] {logging_mixin.py:151} INFO - [2025-05-01T00:23:17.535+0000] {dagbag.py:539} INFO - Filling up the DagBag from /opt/airflow/dags/cep_etl_dag.py
[2025-05-01T00:23:18.078+0000] {processor.py:839} INFO - DAG(s) dict_keys(['cep_etl']) retrieved from /opt/airflow/dags/cep_etl_dag.py
[2025-05-01T00:23:18.110+0000] {logging_mixin.py:151} INFO - [2025-05-01T00:23:18.110+0000] {dag.py:2915} INFO - Sync 1 DAGs
[2025-05-01T00:23:18.136+0000] {logging_mixin.py:151} INFO - [2025-05-01T00:23:18.136+0000] {dag.py:3696} INFO - Setting next_dagrun for cep_etl to 2025-04-30T00:23:18.136120+00:00, run_after=2025-05-01T00:23:18.136120+00:00
[2025-05-01T00:23:18.162+0000] {processor.py:179} INFO - Processing /opt/airflow/dags/cep_etl_dag.py took 0.632 seconds
[2025-05-01T00:23:48.367+0000] {processor.py:157} INFO - Started process (PID=334) to work on /opt/airflow/dags/cep_etl_dag.py
[2025-05-01T00:23:48.370+0000] {processor.py:829} INFO - Processing file /opt/airflow/dags/cep_etl_dag.py for tasks to queue
[2025-05-01T00:23:48.372+0000] {logging_mixin.py:151} INFO - [2025-05-01T00:23:48.372+0000] {dagbag.py:539} INFO - Filling up the DagBag from /opt/airflow/dags/cep_etl_dag.py
[2025-05-01T00:23:48.980+0000] {processor.py:839} INFO - DAG(s) dict_keys(['cep_etl']) retrieved from /opt/airflow/dags/cep_etl_dag.py
[2025-05-01T00:23:49.014+0000] {logging_mixin.py:151} INFO - [2025-05-01T00:23:49.013+0000] {dag.py:2915} INFO - Sync 1 DAGs
[2025-05-01T00:23:49.042+0000] {logging_mixin.py:151} INFO - [2025-05-01T00:23:49.041+0000] {dag.py:3696} INFO - Setting next_dagrun for cep_etl to 2025-04-30T00:23:49.041407+00:00, run_after=2025-05-01T00:23:49.041407+00:00
[2025-05-01T00:23:49.073+0000] {processor.py:179} INFO - Processing /opt/airflow/dags/cep_etl_dag.py took 0.711 seconds
[2025-05-01T00:24:19.300+0000] {processor.py:157} INFO - Started process (PID=340) to work on /opt/airflow/dags/cep_etl_dag.py
[2025-05-01T00:24:19.302+0000] {processor.py:829} INFO - Processing file /opt/airflow/dags/cep_etl_dag.py for tasks to queue
[2025-05-01T00:24:19.305+0000] {logging_mixin.py:151} INFO - [2025-05-01T00:24:19.304+0000] {dagbag.py:539} INFO - Filling up the DagBag from /opt/airflow/dags/cep_etl_dag.py
[2025-05-01T00:24:20.372+0000] {processor.py:839} INFO - DAG(s) dict_keys(['cep_etl']) retrieved from /opt/airflow/dags/cep_etl_dag.py
[2025-05-01T00:24:20.441+0000] {logging_mixin.py:151} INFO - [2025-05-01T00:24:20.440+0000] {dag.py:2915} INFO - Sync 1 DAGs
[2025-05-01T00:24:20.497+0000] {logging_mixin.py:151} INFO - [2025-05-01T00:24:20.497+0000] {dag.py:3696} INFO - Setting next_dagrun for cep_etl to 2025-04-30T00:24:20.497047+00:00, run_after=2025-05-01T00:24:20.497047+00:00
[2025-05-01T00:24:20.550+0000] {processor.py:179} INFO - Processing /opt/airflow/dags/cep_etl_dag.py took 1.259 seconds
[2025-05-01T00:24:50.769+0000] {processor.py:157} INFO - Started process (PID=352) to work on /opt/airflow/dags/cep_etl_dag.py
[2025-05-01T00:24:50.771+0000] {processor.py:829} INFO - Processing file /opt/airflow/dags/cep_etl_dag.py for tasks to queue
[2025-05-01T00:24:50.772+0000] {logging_mixin.py:151} INFO - [2025-05-01T00:24:50.771+0000] {dagbag.py:539} INFO - Filling up the DagBag from /opt/airflow/dags/cep_etl_dag.py
[2025-05-01T00:24:51.378+0000] {processor.py:839} INFO - DAG(s) dict_keys(['cep_etl']) retrieved from /opt/airflow/dags/cep_etl_dag.py
[2025-05-01T00:24:51.416+0000] {logging_mixin.py:151} INFO - [2025-05-01T00:24:51.415+0000] {dag.py:2915} INFO - Sync 1 DAGs
[2025-05-01T00:24:51.447+0000] {logging_mixin.py:151} INFO - [2025-05-01T00:24:51.447+0000] {dag.py:3696} INFO - Setting next_dagrun for cep_etl to 2025-05-01T00:24:20.497047+00:00, run_after=2025-05-02T00:24:20.497047+00:00
[2025-05-01T00:24:51.478+0000] {processor.py:179} INFO - Processing /opt/airflow/dags/cep_etl_dag.py took 0.714 seconds
[2025-05-01T00:25:21.687+0000] {processor.py:157} INFO - Started process (PID=358) to work on /opt/airflow/dags/cep_etl_dag.py
[2025-05-01T00:25:21.690+0000] {processor.py:829} INFO - Processing file /opt/airflow/dags/cep_etl_dag.py for tasks to queue
[2025-05-01T00:25:21.691+0000] {logging_mixin.py:151} INFO - [2025-05-01T00:25:21.691+0000] {dagbag.py:539} INFO - Filling up the DagBag from /opt/airflow/dags/cep_etl_dag.py
[2025-05-01T00:25:22.158+0000] {processor.py:839} INFO - DAG(s) dict_keys(['cep_etl']) retrieved from /opt/airflow/dags/cep_etl_dag.py
[2025-05-01T00:25:22.191+0000] {logging_mixin.py:151} INFO - [2025-05-01T00:25:22.190+0000] {dag.py:2915} INFO - Sync 1 DAGs
[2025-05-01T00:25:22.219+0000] {logging_mixin.py:151} INFO - [2025-05-01T00:25:22.218+0000] {dag.py:3696} INFO - Setting next_dagrun for cep_etl to 2025-04-30T00:25:22.218677+00:00, run_after=2025-05-01T00:25:22.218677+00:00
[2025-05-01T00:25:22.243+0000] {processor.py:179} INFO - Processing /opt/airflow/dags/cep_etl_dag.py took 0.560 seconds
[2025-05-01T00:25:52.467+0000] {processor.py:157} INFO - Started process (PID=367) to work on /opt/airflow/dags/cep_etl_dag.py
[2025-05-01T00:25:52.470+0000] {processor.py:829} INFO - Processing file /opt/airflow/dags/cep_etl_dag.py for tasks to queue
[2025-05-01T00:25:52.471+0000] {logging_mixin.py:151} INFO - [2025-05-01T00:25:52.471+0000] {dagbag.py:539} INFO - Filling up the DagBag from /opt/airflow/dags/cep_etl_dag.py
[2025-05-01T00:25:53.075+0000] {processor.py:839} INFO - DAG(s) dict_keys(['cep_etl']) retrieved from /opt/airflow/dags/cep_etl_dag.py
[2025-05-01T00:25:53.113+0000] {logging_mixin.py:151} INFO - [2025-05-01T00:25:53.112+0000] {dag.py:2915} INFO - Sync 1 DAGs
[2025-05-01T00:25:53.144+0000] {logging_mixin.py:151} INFO - [2025-05-01T00:25:53.143+0000] {dag.py:3696} INFO - Setting next_dagrun for cep_etl to 2025-05-01T00:25:22.218677+00:00, run_after=2025-05-02T00:25:22.218677+00:00
[2025-05-01T00:25:53.175+0000] {processor.py:179} INFO - Processing /opt/airflow/dags/cep_etl_dag.py took 0.712 seconds
[2025-05-01T00:26:23.409+0000] {processor.py:157} INFO - Started process (PID=373) to work on /opt/airflow/dags/cep_etl_dag.py
[2025-05-01T00:26:23.412+0000] {processor.py:829} INFO - Processing file /opt/airflow/dags/cep_etl_dag.py for tasks to queue
[2025-05-01T00:26:23.413+0000] {logging_mixin.py:151} INFO - [2025-05-01T00:26:23.413+0000] {dagbag.py:539} INFO - Filling up the DagBag from /opt/airflow/dags/cep_etl_dag.py
[2025-05-01T00:26:23.973+0000] {processor.py:839} INFO - DAG(s) dict_keys(['cep_etl']) retrieved from /opt/airflow/dags/cep_etl_dag.py
[2025-05-01T00:26:24.005+0000] {logging_mixin.py:151} INFO - [2025-05-01T00:26:24.005+0000] {dag.py:2915} INFO - Sync 1 DAGs
[2025-05-01T00:26:24.029+0000] {logging_mixin.py:151} INFO - [2025-05-01T00:26:24.029+0000] {dag.py:3696} INFO - Setting next_dagrun for cep_etl to 2025-05-01T00:25:22.218677+00:00, run_after=2025-05-02T00:25:22.218677+00:00
[2025-05-01T00:26:24.054+0000] {processor.py:179} INFO - Processing /opt/airflow/dags/cep_etl_dag.py took 0.650 seconds
[2025-05-01T00:26:54.311+0000] {processor.py:157} INFO - Started process (PID=379) to work on /opt/airflow/dags/cep_etl_dag.py
[2025-05-01T00:26:54.314+0000] {processor.py:829} INFO - Processing file /opt/airflow/dags/cep_etl_dag.py for tasks to queue
[2025-05-01T00:26:54.315+0000] {logging_mixin.py:151} INFO - [2025-05-01T00:26:54.314+0000] {dagbag.py:539} INFO - Filling up the DagBag from /opt/airflow/dags/cep_etl_dag.py
[2025-05-01T00:26:54.859+0000] {processor.py:839} INFO - DAG(s) dict_keys(['cep_etl']) retrieved from /opt/airflow/dags/cep_etl_dag.py
[2025-05-01T00:26:54.889+0000] {logging_mixin.py:151} INFO - [2025-05-01T00:26:54.889+0000] {dag.py:2915} INFO - Sync 1 DAGs
[2025-05-01T00:26:54.922+0000] {logging_mixin.py:151} INFO - [2025-05-01T00:26:54.922+0000] {dag.py:3696} INFO - Setting next_dagrun for cep_etl to 2025-05-01T00:25:22.218677+00:00, run_after=2025-05-02T00:25:22.218677+00:00
[2025-05-01T00:26:54.949+0000] {processor.py:179} INFO - Processing /opt/airflow/dags/cep_etl_dag.py took 0.643 seconds
[2025-05-01T00:27:25.161+0000] {processor.py:157} INFO - Started process (PID=385) to work on /opt/airflow/dags/cep_etl_dag.py
[2025-05-01T00:27:25.162+0000] {processor.py:829} INFO - Processing file /opt/airflow/dags/cep_etl_dag.py for tasks to queue
[2025-05-01T00:27:25.163+0000] {logging_mixin.py:151} INFO - [2025-05-01T00:27:25.163+0000] {dagbag.py:539} INFO - Filling up the DagBag from /opt/airflow/dags/cep_etl_dag.py
[2025-05-01T00:27:25.847+0000] {processor.py:839} INFO - DAG(s) dict_keys(['cep_etl']) retrieved from /opt/airflow/dags/cep_etl_dag.py
[2025-05-01T00:27:25.892+0000] {logging_mixin.py:151} INFO - [2025-05-01T00:27:25.891+0000] {dag.py:2915} INFO - Sync 1 DAGs
[2025-05-01T00:27:25.932+0000] {logging_mixin.py:151} INFO - [2025-05-01T00:27:25.932+0000] {dag.py:3696} INFO - Setting next_dagrun for cep_etl to 2025-05-01T00:25:22.218677+00:00, run_after=2025-05-02T00:25:22.218677+00:00
[2025-05-01T00:27:25.971+0000] {processor.py:179} INFO - Processing /opt/airflow/dags/cep_etl_dag.py took 0.815 seconds
[2025-05-01T00:27:56.208+0000] {processor.py:157} INFO - Started process (PID=391) to work on /opt/airflow/dags/cep_etl_dag.py
[2025-05-01T00:27:56.213+0000] {processor.py:829} INFO - Processing file /opt/airflow/dags/cep_etl_dag.py for tasks to queue
[2025-05-01T00:27:56.215+0000] {logging_mixin.py:151} INFO - [2025-05-01T00:27:56.214+0000] {dagbag.py:539} INFO - Filling up the DagBag from /opt/airflow/dags/cep_etl_dag.py
[2025-05-01T00:27:57.073+0000] {processor.py:839} INFO - DAG(s) dict_keys(['cep_etl']) retrieved from /opt/airflow/dags/cep_etl_dag.py
[2025-05-01T00:27:57.110+0000] {logging_mixin.py:151} INFO - [2025-05-01T00:27:57.109+0000] {dag.py:2915} INFO - Sync 1 DAGs
[2025-05-01T00:27:57.138+0000] {logging_mixin.py:151} INFO - [2025-05-01T00:27:57.138+0000] {dag.py:3696} INFO - Setting next_dagrun for cep_etl to 2025-05-01T00:25:22.218677+00:00, run_after=2025-05-02T00:25:22.218677+00:00
[2025-05-01T00:27:57.165+0000] {processor.py:179} INFO - Processing /opt/airflow/dags/cep_etl_dag.py took 0.968 seconds
[2025-05-01T00:28:27.380+0000] {processor.py:157} INFO - Started process (PID=397) to work on /opt/airflow/dags/cep_etl_dag.py
[2025-05-01T00:28:27.383+0000] {processor.py:829} INFO - Processing file /opt/airflow/dags/cep_etl_dag.py for tasks to queue
[2025-05-01T00:28:27.384+0000] {logging_mixin.py:151} INFO - [2025-05-01T00:28:27.384+0000] {dagbag.py:539} INFO - Filling up the DagBag from /opt/airflow/dags/cep_etl_dag.py
[2025-05-01T00:28:27.936+0000] {processor.py:839} INFO - DAG(s) dict_keys(['cep_etl']) retrieved from /opt/airflow/dags/cep_etl_dag.py
[2025-05-01T00:28:27.978+0000] {logging_mixin.py:151} INFO - [2025-05-01T00:28:27.977+0000] {dag.py:2915} INFO - Sync 1 DAGs
[2025-05-01T00:28:28.014+0000] {logging_mixin.py:151} INFO - [2025-05-01T00:28:28.014+0000] {dag.py:3696} INFO - Setting next_dagrun for cep_etl to 2025-05-01T00:25:22.218677+00:00, run_after=2025-05-02T00:25:22.218677+00:00
[2025-05-01T00:28:28.050+0000] {processor.py:179} INFO - Processing /opt/airflow/dags/cep_etl_dag.py took 0.675 seconds
[2025-05-01T00:28:58.270+0000] {processor.py:157} INFO - Started process (PID=403) to work on /opt/airflow/dags/cep_etl_dag.py
[2025-05-01T00:28:58.272+0000] {processor.py:829} INFO - Processing file /opt/airflow/dags/cep_etl_dag.py for tasks to queue
[2025-05-01T00:28:58.273+0000] {logging_mixin.py:151} INFO - [2025-05-01T00:28:58.273+0000] {dagbag.py:539} INFO - Filling up the DagBag from /opt/airflow/dags/cep_etl_dag.py
[2025-05-01T00:28:58.888+0000] {processor.py:839} INFO - DAG(s) dict_keys(['cep_etl']) retrieved from /opt/airflow/dags/cep_etl_dag.py
[2025-05-01T00:28:58.921+0000] {logging_mixin.py:151} INFO - [2025-05-01T00:28:58.920+0000] {dag.py:2915} INFO - Sync 1 DAGs
[2025-05-01T00:28:58.950+0000] {logging_mixin.py:151} INFO - [2025-05-01T00:28:58.950+0000] {dag.py:3696} INFO - Setting next_dagrun for cep_etl to 2025-05-01T00:25:22.218677+00:00, run_after=2025-05-02T00:25:22.218677+00:00
[2025-05-01T00:28:58.984+0000] {processor.py:179} INFO - Processing /opt/airflow/dags/cep_etl_dag.py took 0.720 seconds
[2025-05-01T00:29:29.202+0000] {processor.py:157} INFO - Started process (PID=409) to work on /opt/airflow/dags/cep_etl_dag.py
[2025-05-01T00:29:29.205+0000] {processor.py:829} INFO - Processing file /opt/airflow/dags/cep_etl_dag.py for tasks to queue
[2025-05-01T00:29:29.206+0000] {logging_mixin.py:151} INFO - [2025-05-01T00:29:29.206+0000] {dagbag.py:539} INFO - Filling up the DagBag from /opt/airflow/dags/cep_etl_dag.py
[2025-05-01T00:29:29.725+0000] {processor.py:839} INFO - DAG(s) dict_keys(['cep_etl']) retrieved from /opt/airflow/dags/cep_etl_dag.py
[2025-05-01T00:29:29.760+0000] {logging_mixin.py:151} INFO - [2025-05-01T00:29:29.759+0000] {dag.py:2915} INFO - Sync 1 DAGs
[2025-05-01T00:29:29.788+0000] {logging_mixin.py:151} INFO - [2025-05-01T00:29:29.788+0000] {dag.py:3696} INFO - Setting next_dagrun for cep_etl to 2025-05-01T00:25:22.218677+00:00, run_after=2025-05-02T00:25:22.218677+00:00
[2025-05-01T00:29:29.818+0000] {processor.py:179} INFO - Processing /opt/airflow/dags/cep_etl_dag.py took 0.620 seconds
[2025-05-01T00:29:59.929+0000] {processor.py:157} INFO - Started process (PID=415) to work on /opt/airflow/dags/cep_etl_dag.py
[2025-05-01T00:29:59.932+0000] {processor.py:829} INFO - Processing file /opt/airflow/dags/cep_etl_dag.py for tasks to queue
[2025-05-01T00:29:59.933+0000] {logging_mixin.py:151} INFO - [2025-05-01T00:29:59.933+0000] {dagbag.py:539} INFO - Filling up the DagBag from /opt/airflow/dags/cep_etl_dag.py
[2025-05-01T00:30:00.465+0000] {processor.py:839} INFO - DAG(s) dict_keys(['cep_etl']) retrieved from /opt/airflow/dags/cep_etl_dag.py
[2025-05-01T00:30:00.501+0000] {logging_mixin.py:151} INFO - [2025-05-01T00:30:00.500+0000] {dag.py:2915} INFO - Sync 1 DAGs
[2025-05-01T00:30:00.526+0000] {logging_mixin.py:151} INFO - [2025-05-01T00:30:00.526+0000] {dag.py:3696} INFO - Setting next_dagrun for cep_etl to 2025-05-01T00:25:22.218677+00:00, run_after=2025-05-02T00:25:22.218677+00:00
[2025-05-01T00:30:00.551+0000] {processor.py:179} INFO - Processing /opt/airflow/dags/cep_etl_dag.py took 0.627 seconds
[2025-05-01T00:30:28.175+0000] {processor.py:157} INFO - Started process (PID=421) to work on /opt/airflow/dags/cep_etl_dag.py
[2025-05-01T00:30:28.178+0000] {processor.py:829} INFO - Processing file /opt/airflow/dags/cep_etl_dag.py for tasks to queue
[2025-05-01T00:30:28.179+0000] {logging_mixin.py:151} INFO - [2025-05-01T00:30:28.179+0000] {dagbag.py:539} INFO - Filling up the DagBag from /opt/airflow/dags/cep_etl_dag.py
[2025-05-01T00:30:28.967+0000] {processor.py:839} INFO - DAG(s) dict_keys(['cep_etl']) retrieved from /opt/airflow/dags/cep_etl_dag.py
[2025-05-01T00:30:29.136+0000] {logging_mixin.py:151} INFO - [2025-05-01T00:30:29.135+0000] {security.py:708} INFO - Not syncing DAG-level permissions for DAG 'DAG:cep_etl' as access control is unset.
[2025-05-01T00:30:29.139+0000] {logging_mixin.py:151} INFO - [2025-05-01T00:30:29.136+0000] {dag.py:2915} INFO - Sync 1 DAGs
[2025-05-01T00:30:29.218+0000] {processor.py:179} INFO - Processing /opt/airflow/dags/cep_etl_dag.py took 1.048 seconds
[2025-05-01T00:30:59.377+0000] {processor.py:157} INFO - Started process (PID=427) to work on /opt/airflow/dags/cep_etl_dag.py
[2025-05-01T00:30:59.378+0000] {processor.py:829} INFO - Processing file /opt/airflow/dags/cep_etl_dag.py for tasks to queue
[2025-05-01T00:30:59.379+0000] {logging_mixin.py:151} INFO - [2025-05-01T00:30:59.379+0000] {dagbag.py:539} INFO - Filling up the DagBag from /opt/airflow/dags/cep_etl_dag.py
[2025-05-01T00:30:59.897+0000] {processor.py:839} INFO - DAG(s) dict_keys(['cep_etl']) retrieved from /opt/airflow/dags/cep_etl_dag.py
[2025-05-01T00:30:59.935+0000] {logging_mixin.py:151} INFO - [2025-05-01T00:30:59.934+0000] {dag.py:2915} INFO - Sync 1 DAGs
[2025-05-01T00:30:59.982+0000] {processor.py:179} INFO - Processing /opt/airflow/dags/cep_etl_dag.py took 0.610 seconds
[2025-05-01T00:31:30.225+0000] {processor.py:157} INFO - Started process (PID=433) to work on /opt/airflow/dags/cep_etl_dag.py
[2025-05-01T00:31:30.228+0000] {processor.py:829} INFO - Processing file /opt/airflow/dags/cep_etl_dag.py for tasks to queue
[2025-05-01T00:31:30.229+0000] {logging_mixin.py:151} INFO - [2025-05-01T00:31:30.228+0000] {dagbag.py:539} INFO - Filling up the DagBag from /opt/airflow/dags/cep_etl_dag.py
[2025-05-01T00:31:30.850+0000] {processor.py:839} INFO - DAG(s) dict_keys(['cep_etl']) retrieved from /opt/airflow/dags/cep_etl_dag.py
[2025-05-01T00:31:30.890+0000] {logging_mixin.py:151} INFO - [2025-05-01T00:31:30.889+0000] {dag.py:2915} INFO - Sync 1 DAGs
[2025-05-01T00:31:30.955+0000] {processor.py:179} INFO - Processing /opt/airflow/dags/cep_etl_dag.py took 0.736 seconds
[2025-05-01T00:32:01.196+0000] {processor.py:157} INFO - Started process (PID=439) to work on /opt/airflow/dags/cep_etl_dag.py
[2025-05-01T00:32:01.200+0000] {processor.py:829} INFO - Processing file /opt/airflow/dags/cep_etl_dag.py for tasks to queue
[2025-05-01T00:32:01.203+0000] {logging_mixin.py:151} INFO - [2025-05-01T00:32:01.202+0000] {dagbag.py:539} INFO - Filling up the DagBag from /opt/airflow/dags/cep_etl_dag.py
[2025-05-01T00:32:01.829+0000] {processor.py:839} INFO - DAG(s) dict_keys(['cep_etl']) retrieved from /opt/airflow/dags/cep_etl_dag.py
[2025-05-01T00:32:01.863+0000] {logging_mixin.py:151} INFO - [2025-05-01T00:32:01.863+0000] {dag.py:2915} INFO - Sync 1 DAGs
[2025-05-01T00:32:01.923+0000] {processor.py:179} INFO - Processing /opt/airflow/dags/cep_etl_dag.py took 0.737 seconds
[2025-05-01T00:32:32.037+0000] {processor.py:157} INFO - Started process (PID=445) to work on /opt/airflow/dags/cep_etl_dag.py
[2025-05-01T00:32:32.040+0000] {processor.py:829} INFO - Processing file /opt/airflow/dags/cep_etl_dag.py for tasks to queue
[2025-05-01T00:32:32.041+0000] {logging_mixin.py:151} INFO - [2025-05-01T00:32:32.041+0000] {dagbag.py:539} INFO - Filling up the DagBag from /opt/airflow/dags/cep_etl_dag.py
[2025-05-01T00:32:32.629+0000] {processor.py:839} INFO - DAG(s) dict_keys(['cep_etl']) retrieved from /opt/airflow/dags/cep_etl_dag.py
[2025-05-01T00:32:32.668+0000] {logging_mixin.py:151} INFO - [2025-05-01T00:32:32.667+0000] {dag.py:2915} INFO - Sync 1 DAGs
[2025-05-01T00:32:32.736+0000] {processor.py:179} INFO - Processing /opt/airflow/dags/cep_etl_dag.py took 0.704 seconds
[2025-05-01T00:33:02.978+0000] {processor.py:157} INFO - Started process (PID=451) to work on /opt/airflow/dags/cep_etl_dag.py
[2025-05-01T00:33:02.982+0000] {processor.py:829} INFO - Processing file /opt/airflow/dags/cep_etl_dag.py for tasks to queue
[2025-05-01T00:33:02.983+0000] {logging_mixin.py:151} INFO - [2025-05-01T00:33:02.983+0000] {dagbag.py:539} INFO - Filling up the DagBag from /opt/airflow/dags/cep_etl_dag.py
[2025-05-01T00:33:03.554+0000] {processor.py:839} INFO - DAG(s) dict_keys(['cep_etl']) retrieved from /opt/airflow/dags/cep_etl_dag.py
[2025-05-01T00:33:03.590+0000] {logging_mixin.py:151} INFO - [2025-05-01T00:33:03.589+0000] {dag.py:2915} INFO - Sync 1 DAGs
[2025-05-01T00:33:03.652+0000] {processor.py:179} INFO - Processing /opt/airflow/dags/cep_etl_dag.py took 0.681 seconds
[2025-05-01T00:33:33.870+0000] {processor.py:157} INFO - Started process (PID=457) to work on /opt/airflow/dags/cep_etl_dag.py
[2025-05-01T00:33:33.872+0000] {processor.py:829} INFO - Processing file /opt/airflow/dags/cep_etl_dag.py for tasks to queue
[2025-05-01T00:33:33.873+0000] {logging_mixin.py:151} INFO - [2025-05-01T00:33:33.872+0000] {dagbag.py:539} INFO - Filling up the DagBag from /opt/airflow/dags/cep_etl_dag.py
[2025-05-01T00:33:34.500+0000] {processor.py:839} INFO - DAG(s) dict_keys(['cep_etl']) retrieved from /opt/airflow/dags/cep_etl_dag.py
[2025-05-01T00:33:34.537+0000] {logging_mixin.py:151} INFO - [2025-05-01T00:33:34.537+0000] {dag.py:2915} INFO - Sync 1 DAGs
[2025-05-01T00:33:34.600+0000] {processor.py:179} INFO - Processing /opt/airflow/dags/cep_etl_dag.py took 0.736 seconds
[2025-05-01T00:34:04.757+0000] {processor.py:157} INFO - Started process (PID=463) to work on /opt/airflow/dags/cep_etl_dag.py
[2025-05-01T00:34:04.759+0000] {processor.py:829} INFO - Processing file /opt/airflow/dags/cep_etl_dag.py for tasks to queue
[2025-05-01T00:34:04.760+0000] {logging_mixin.py:151} INFO - [2025-05-01T00:34:04.759+0000] {dagbag.py:539} INFO - Filling up the DagBag from /opt/airflow/dags/cep_etl_dag.py
[2025-05-01T00:34:05.376+0000] {processor.py:839} INFO - DAG(s) dict_keys(['cep_etl']) retrieved from /opt/airflow/dags/cep_etl_dag.py
[2025-05-01T00:34:05.421+0000] {logging_mixin.py:151} INFO - [2025-05-01T00:34:05.420+0000] {dag.py:2915} INFO - Sync 1 DAGs
[2025-05-01T00:34:05.491+0000] {processor.py:179} INFO - Processing /opt/airflow/dags/cep_etl_dag.py took 0.739 seconds
[2025-05-01T00:34:35.738+0000] {processor.py:157} INFO - Started process (PID=469) to work on /opt/airflow/dags/cep_etl_dag.py
[2025-05-01T00:34:35.740+0000] {processor.py:829} INFO - Processing file /opt/airflow/dags/cep_etl_dag.py for tasks to queue
[2025-05-01T00:34:35.741+0000] {logging_mixin.py:151} INFO - [2025-05-01T00:34:35.741+0000] {dagbag.py:539} INFO - Filling up the DagBag from /opt/airflow/dags/cep_etl_dag.py
[2025-05-01T00:34:36.377+0000] {processor.py:839} INFO - DAG(s) dict_keys(['cep_etl']) retrieved from /opt/airflow/dags/cep_etl_dag.py
[2025-05-01T00:34:36.418+0000] {logging_mixin.py:151} INFO - [2025-05-01T00:34:36.417+0000] {dag.py:2915} INFO - Sync 1 DAGs
[2025-05-01T00:34:36.481+0000] {processor.py:179} INFO - Processing /opt/airflow/dags/cep_etl_dag.py took 0.749 seconds
[2025-05-01T00:35:06.703+0000] {processor.py:157} INFO - Started process (PID=475) to work on /opt/airflow/dags/cep_etl_dag.py
[2025-05-01T00:35:06.706+0000] {processor.py:829} INFO - Processing file /opt/airflow/dags/cep_etl_dag.py for tasks to queue
[2025-05-01T00:35:06.707+0000] {logging_mixin.py:151} INFO - [2025-05-01T00:35:06.707+0000] {dagbag.py:539} INFO - Filling up the DagBag from /opt/airflow/dags/cep_etl_dag.py
[2025-05-01T00:35:07.272+0000] {processor.py:839} INFO - DAG(s) dict_keys(['cep_etl']) retrieved from /opt/airflow/dags/cep_etl_dag.py
[2025-05-01T00:35:07.311+0000] {logging_mixin.py:151} INFO - [2025-05-01T00:35:07.310+0000] {dag.py:2915} INFO - Sync 1 DAGs
[2025-05-01T00:35:07.374+0000] {processor.py:179} INFO - Processing /opt/airflow/dags/cep_etl_dag.py took 0.676 seconds
[2025-05-01T00:35:37.425+0000] {processor.py:157} INFO - Started process (PID=481) to work on /opt/airflow/dags/cep_etl_dag.py
[2025-05-01T00:35:37.427+0000] {processor.py:829} INFO - Processing file /opt/airflow/dags/cep_etl_dag.py for tasks to queue
[2025-05-01T00:35:37.429+0000] {logging_mixin.py:151} INFO - [2025-05-01T00:35:37.428+0000] {dagbag.py:539} INFO - Filling up the DagBag from /opt/airflow/dags/cep_etl_dag.py
[2025-05-01T00:35:38.046+0000] {processor.py:839} INFO - DAG(s) dict_keys(['cep_etl']) retrieved from /opt/airflow/dags/cep_etl_dag.py
[2025-05-01T00:35:38.085+0000] {logging_mixin.py:151} INFO - [2025-05-01T00:35:38.084+0000] {dag.py:2915} INFO - Sync 1 DAGs
[2025-05-01T00:35:38.155+0000] {processor.py:179} INFO - Processing /opt/airflow/dags/cep_etl_dag.py took 0.735 seconds
[2025-05-01T00:36:08.371+0000] {processor.py:157} INFO - Started process (PID=487) to work on /opt/airflow/dags/cep_etl_dag.py
[2025-05-01T00:36:08.373+0000] {processor.py:829} INFO - Processing file /opt/airflow/dags/cep_etl_dag.py for tasks to queue
[2025-05-01T00:36:08.374+0000] {logging_mixin.py:151} INFO - [2025-05-01T00:36:08.374+0000] {dagbag.py:539} INFO - Filling up the DagBag from /opt/airflow/dags/cep_etl_dag.py
[2025-05-01T00:36:08.878+0000] {processor.py:839} INFO - DAG(s) dict_keys(['cep_etl']) retrieved from /opt/airflow/dags/cep_etl_dag.py
[2025-05-01T00:36:08.910+0000] {logging_mixin.py:151} INFO - [2025-05-01T00:36:08.909+0000] {dag.py:2915} INFO - Sync 1 DAGs
[2025-05-01T00:36:08.940+0000] {logging_mixin.py:151} INFO - [2025-05-01T00:36:08.940+0000] {dag.py:3696} INFO - Setting next_dagrun for cep_etl to 2025-05-01T00:25:22.218677+00:00, run_after=2025-05-02T00:25:22.218677+00:00
[2025-05-01T00:36:08.967+0000] {processor.py:179} INFO - Processing /opt/airflow/dags/cep_etl_dag.py took 0.602 seconds
[2025-05-01T00:36:39.185+0000] {processor.py:157} INFO - Started process (PID=493) to work on /opt/airflow/dags/cep_etl_dag.py
[2025-05-01T00:36:39.188+0000] {processor.py:829} INFO - Processing file /opt/airflow/dags/cep_etl_dag.py for tasks to queue
[2025-05-01T00:36:39.189+0000] {logging_mixin.py:151} INFO - [2025-05-01T00:36:39.189+0000] {dagbag.py:539} INFO - Filling up the DagBag from /opt/airflow/dags/cep_etl_dag.py
[2025-05-01T00:36:40.099+0000] {processor.py:839} INFO - DAG(s) dict_keys(['cep_etl']) retrieved from /opt/airflow/dags/cep_etl_dag.py
[2025-05-01T00:36:40.145+0000] {logging_mixin.py:151} INFO - [2025-05-01T00:36:40.144+0000] {dag.py:2915} INFO - Sync 1 DAGs
[2025-05-01T00:36:40.187+0000] {logging_mixin.py:151} INFO - [2025-05-01T00:36:40.186+0000] {dag.py:3696} INFO - Setting next_dagrun for cep_etl to 2025-05-01T00:25:22.218677+00:00, run_after=2025-05-02T00:25:22.218677+00:00
[2025-05-01T00:36:40.234+0000] {processor.py:179} INFO - Processing /opt/airflow/dags/cep_etl_dag.py took 1.054 seconds
[2025-05-01T00:36:54.288+0000] {processor.py:157} INFO - Started process (PID=499) to work on /opt/airflow/dags/cep_etl_dag.py
[2025-05-01T00:36:54.291+0000] {processor.py:829} INFO - Processing file /opt/airflow/dags/cep_etl_dag.py for tasks to queue
[2025-05-01T00:36:54.292+0000] {logging_mixin.py:151} INFO - [2025-05-01T00:36:54.291+0000] {dagbag.py:539} INFO - Filling up the DagBag from /opt/airflow/dags/cep_etl_dag.py
[2025-05-01T00:36:54.993+0000] {processor.py:839} INFO - DAG(s) dict_keys(['cep_etl']) retrieved from /opt/airflow/dags/cep_etl_dag.py
[2025-05-01T00:36:55.053+0000] {logging_mixin.py:151} INFO - [2025-05-01T00:36:55.052+0000] {dag.py:2915} INFO - Sync 1 DAGs
[2025-05-01T00:36:55.108+0000] {logging_mixin.py:151} INFO - [2025-05-01T00:36:55.108+0000] {dag.py:3696} INFO - Setting next_dagrun for cep_etl to 2025-05-01T00:25:22.218677+00:00, run_after=2025-05-02T00:25:22.218677+00:00
[2025-05-01T00:36:55.151+0000] {processor.py:179} INFO - Processing /opt/airflow/dags/cep_etl_dag.py took 0.870 seconds
[2025-05-01T00:37:25.382+0000] {processor.py:157} INFO - Started process (PID=505) to work on /opt/airflow/dags/cep_etl_dag.py
[2025-05-01T00:37:25.386+0000] {processor.py:829} INFO - Processing file /opt/airflow/dags/cep_etl_dag.py for tasks to queue
[2025-05-01T00:37:25.387+0000] {logging_mixin.py:151} INFO - [2025-05-01T00:37:25.386+0000] {dagbag.py:539} INFO - Filling up the DagBag from /opt/airflow/dags/cep_etl_dag.py
[2025-05-01T00:37:26.130+0000] {processor.py:839} INFO - DAG(s) dict_keys(['cep_etl']) retrieved from /opt/airflow/dags/cep_etl_dag.py
[2025-05-01T00:37:26.170+0000] {logging_mixin.py:151} INFO - [2025-05-01T00:37:26.169+0000] {dag.py:2915} INFO - Sync 1 DAGs
[2025-05-01T00:37:26.201+0000] {logging_mixin.py:151} INFO - [2025-05-01T00:37:26.200+0000] {dag.py:3696} INFO - Setting next_dagrun for cep_etl to 2025-05-01T00:25:22.218677+00:00, run_after=2025-05-02T00:25:22.218677+00:00
[2025-05-01T00:37:26.231+0000] {processor.py:179} INFO - Processing /opt/airflow/dags/cep_etl_dag.py took 0.854 seconds
[2025-05-01T00:37:41.091+0000] {processor.py:157} INFO - Started process (PID=170) to work on /opt/airflow/dags/cep_etl_dag.py
[2025-05-01T00:37:41.093+0000] {processor.py:829} INFO - Processing file /opt/airflow/dags/cep_etl_dag.py for tasks to queue
[2025-05-01T00:37:41.096+0000] {logging_mixin.py:151} INFO - [2025-05-01T00:37:41.095+0000] {dagbag.py:539} INFO - Filling up the DagBag from /opt/airflow/dags/cep_etl_dag.py
[2025-05-01T00:37:42.026+0000] {processor.py:839} INFO - DAG(s) dict_keys(['cep_etl']) retrieved from /opt/airflow/dags/cep_etl_dag.py
[2025-05-01T00:37:42.102+0000] {logging_mixin.py:151} INFO - [2025-05-01T00:37:42.100+0000] {dag.py:2915} INFO - Sync 1 DAGs
[2025-05-01T00:37:42.169+0000] {logging_mixin.py:151} INFO - [2025-05-01T00:37:42.168+0000] {dag.py:3696} INFO - Setting next_dagrun for cep_etl to 2025-05-01T00:25:22.218677+00:00, run_after=2025-05-02T00:25:22.218677+00:00
[2025-05-01T00:37:42.219+0000] {processor.py:179} INFO - Processing /opt/airflow/dags/cep_etl_dag.py took 1.136 seconds
[2025-05-01T00:38:12.357+0000] {processor.py:157} INFO - Started process (PID=177) to work on /opt/airflow/dags/cep_etl_dag.py
[2025-05-01T00:38:12.358+0000] {processor.py:829} INFO - Processing file /opt/airflow/dags/cep_etl_dag.py for tasks to queue
[2025-05-01T00:38:12.359+0000] {logging_mixin.py:151} INFO - [2025-05-01T00:38:12.359+0000] {dagbag.py:539} INFO - Filling up the DagBag from /opt/airflow/dags/cep_etl_dag.py
[2025-05-01T00:38:12.920+0000] {processor.py:839} INFO - DAG(s) dict_keys(['cep_etl']) retrieved from /opt/airflow/dags/cep_etl_dag.py
[2025-05-01T00:38:12.947+0000] {logging_mixin.py:151} INFO - [2025-05-01T00:38:12.946+0000] {dag.py:2915} INFO - Sync 1 DAGs
[2025-05-01T00:38:12.968+0000] {logging_mixin.py:151} INFO - [2025-05-01T00:38:12.968+0000] {dag.py:3696} INFO - Setting next_dagrun for cep_etl to 2025-05-01T00:25:22.218677+00:00, run_after=2025-05-02T00:25:22.218677+00:00
[2025-05-01T00:38:12.992+0000] {processor.py:179} INFO - Processing /opt/airflow/dags/cep_etl_dag.py took 0.639 seconds
[2025-05-01T00:38:43.218+0000] {processor.py:157} INFO - Started process (PID=186) to work on /opt/airflow/dags/cep_etl_dag.py
[2025-05-01T00:38:43.221+0000] {processor.py:829} INFO - Processing file /opt/airflow/dags/cep_etl_dag.py for tasks to queue
[2025-05-01T00:38:43.222+0000] {logging_mixin.py:151} INFO - [2025-05-01T00:38:43.222+0000] {dagbag.py:539} INFO - Filling up the DagBag from /opt/airflow/dags/cep_etl_dag.py
[2025-05-01T00:38:44.144+0000] {processor.py:839} INFO - DAG(s) dict_keys(['cep_etl']) retrieved from /opt/airflow/dags/cep_etl_dag.py
[2025-05-01T00:38:44.172+0000] {logging_mixin.py:151} INFO - [2025-05-01T00:38:44.172+0000] {dag.py:2915} INFO - Sync 1 DAGs
[2025-05-01T00:38:44.200+0000] {logging_mixin.py:151} INFO - [2025-05-01T00:38:44.200+0000] {dag.py:3696} INFO - Setting next_dagrun for cep_etl to 2025-05-01T00:25:22.218677+00:00, run_after=2025-05-02T00:25:22.218677+00:00
[2025-05-01T00:38:44.227+0000] {processor.py:179} INFO - Processing /opt/airflow/dags/cep_etl_dag.py took 1.014 seconds
[2025-05-01T00:39:14.415+0000] {processor.py:157} INFO - Started process (PID=192) to work on /opt/airflow/dags/cep_etl_dag.py
[2025-05-01T00:39:14.416+0000] {processor.py:829} INFO - Processing file /opt/airflow/dags/cep_etl_dag.py for tasks to queue
[2025-05-01T00:39:14.417+0000] {logging_mixin.py:151} INFO - [2025-05-01T00:39:14.417+0000] {dagbag.py:539} INFO - Filling up the DagBag from /opt/airflow/dags/cep_etl_dag.py
[2025-05-01T00:39:15.069+0000] {processor.py:839} INFO - DAG(s) dict_keys(['cep_etl']) retrieved from /opt/airflow/dags/cep_etl_dag.py
[2025-05-01T00:39:15.100+0000] {logging_mixin.py:151} INFO - [2025-05-01T00:39:15.099+0000] {dag.py:2915} INFO - Sync 1 DAGs
[2025-05-01T00:39:15.125+0000] {logging_mixin.py:151} INFO - [2025-05-01T00:39:15.125+0000] {dag.py:3696} INFO - Setting next_dagrun for cep_etl to 2025-05-01T00:25:22.218677+00:00, run_after=2025-05-02T00:25:22.218677+00:00
[2025-05-01T00:39:15.150+0000] {processor.py:179} INFO - Processing /opt/airflow/dags/cep_etl_dag.py took 0.738 seconds
[2025-05-01T00:39:45.395+0000] {processor.py:157} INFO - Started process (PID=198) to work on /opt/airflow/dags/cep_etl_dag.py
[2025-05-01T00:39:45.396+0000] {processor.py:829} INFO - Processing file /opt/airflow/dags/cep_etl_dag.py for tasks to queue
[2025-05-01T00:39:45.397+0000] {logging_mixin.py:151} INFO - [2025-05-01T00:39:45.396+0000] {dagbag.py:539} INFO - Filling up the DagBag from /opt/airflow/dags/cep_etl_dag.py
[2025-05-01T00:39:45.953+0000] {processor.py:839} INFO - DAG(s) dict_keys(['cep_etl']) retrieved from /opt/airflow/dags/cep_etl_dag.py
[2025-05-01T00:39:45.981+0000] {logging_mixin.py:151} INFO - [2025-05-01T00:39:45.980+0000] {dag.py:2915} INFO - Sync 1 DAGs
[2025-05-01T00:39:46.002+0000] {logging_mixin.py:151} INFO - [2025-05-01T00:39:46.002+0000] {dag.py:3696} INFO - Setting next_dagrun for cep_etl to 2025-05-01T00:25:22.218677+00:00, run_after=2025-05-02T00:25:22.218677+00:00
[2025-05-01T00:39:46.025+0000] {processor.py:179} INFO - Processing /opt/airflow/dags/cep_etl_dag.py took 0.635 seconds
[2025-05-01T00:40:16.246+0000] {processor.py:157} INFO - Started process (PID=204) to work on /opt/airflow/dags/cep_etl_dag.py
[2025-05-01T00:40:16.251+0000] {processor.py:829} INFO - Processing file /opt/airflow/dags/cep_etl_dag.py for tasks to queue
[2025-05-01T00:40:16.253+0000] {logging_mixin.py:151} INFO - [2025-05-01T00:40:16.252+0000] {dagbag.py:539} INFO - Filling up the DagBag from /opt/airflow/dags/cep_etl_dag.py
[2025-05-01T00:40:17.306+0000] {processor.py:839} INFO - DAG(s) dict_keys(['cep_etl']) retrieved from /opt/airflow/dags/cep_etl_dag.py
[2025-05-01T00:40:17.352+0000] {logging_mixin.py:151} INFO - [2025-05-01T00:40:17.350+0000] {dag.py:2915} INFO - Sync 1 DAGs
[2025-05-01T00:40:17.390+0000] {logging_mixin.py:151} INFO - [2025-05-01T00:40:17.390+0000] {dag.py:3696} INFO - Setting next_dagrun for cep_etl to 2025-05-01T00:25:22.218677+00:00, run_after=2025-05-02T00:25:22.218677+00:00
[2025-05-01T00:40:17.433+0000] {processor.py:179} INFO - Processing /opt/airflow/dags/cep_etl_dag.py took 1.192 seconds
[2025-05-01T00:40:47.681+0000] {processor.py:157} INFO - Started process (PID=210) to work on /opt/airflow/dags/cep_etl_dag.py
[2025-05-01T00:40:47.684+0000] {processor.py:829} INFO - Processing file /opt/airflow/dags/cep_etl_dag.py for tasks to queue
[2025-05-01T00:40:47.685+0000] {logging_mixin.py:151} INFO - [2025-05-01T00:40:47.685+0000] {dagbag.py:539} INFO - Filling up the DagBag from /opt/airflow/dags/cep_etl_dag.py
[2025-05-01T00:40:48.318+0000] {processor.py:839} INFO - DAG(s) dict_keys(['cep_etl']) retrieved from /opt/airflow/dags/cep_etl_dag.py
[2025-05-01T00:40:48.349+0000] {logging_mixin.py:151} INFO - [2025-05-01T00:40:48.348+0000] {dag.py:2915} INFO - Sync 1 DAGs
[2025-05-01T00:40:48.378+0000] {logging_mixin.py:151} INFO - [2025-05-01T00:40:48.377+0000] {dag.py:3696} INFO - Setting next_dagrun for cep_etl to 2025-05-01T00:25:22.218677+00:00, run_after=2025-05-02T00:25:22.218677+00:00
[2025-05-01T00:40:48.404+0000] {processor.py:179} INFO - Processing /opt/airflow/dags/cep_etl_dag.py took 0.728 seconds
[2025-05-01T00:41:18.634+0000] {processor.py:157} INFO - Started process (PID=216) to work on /opt/airflow/dags/cep_etl_dag.py
[2025-05-01T00:41:18.637+0000] {processor.py:829} INFO - Processing file /opt/airflow/dags/cep_etl_dag.py for tasks to queue
[2025-05-01T00:41:18.638+0000] {logging_mixin.py:151} INFO - [2025-05-01T00:41:18.637+0000] {dagbag.py:539} INFO - Filling up the DagBag from /opt/airflow/dags/cep_etl_dag.py
[2025-05-01T00:41:19.283+0000] {processor.py:839} INFO - DAG(s) dict_keys(['cep_etl']) retrieved from /opt/airflow/dags/cep_etl_dag.py
[2025-05-01T00:41:19.314+0000] {logging_mixin.py:151} INFO - [2025-05-01T00:41:19.313+0000] {dag.py:2915} INFO - Sync 1 DAGs
[2025-05-01T00:41:19.339+0000] {logging_mixin.py:151} INFO - [2025-05-01T00:41:19.339+0000] {dag.py:3696} INFO - Setting next_dagrun for cep_etl to 2025-05-01T00:25:22.218677+00:00, run_after=2025-05-02T00:25:22.218677+00:00
[2025-05-01T00:41:19.365+0000] {processor.py:179} INFO - Processing /opt/airflow/dags/cep_etl_dag.py took 0.735 seconds
[2025-05-01T00:41:49.592+0000] {processor.py:157} INFO - Started process (PID=222) to work on /opt/airflow/dags/cep_etl_dag.py
[2025-05-01T00:41:49.595+0000] {processor.py:829} INFO - Processing file /opt/airflow/dags/cep_etl_dag.py for tasks to queue
[2025-05-01T00:41:49.596+0000] {logging_mixin.py:151} INFO - [2025-05-01T00:41:49.595+0000] {dagbag.py:539} INFO - Filling up the DagBag from /opt/airflow/dags/cep_etl_dag.py
[2025-05-01T00:41:50.219+0000] {processor.py:839} INFO - DAG(s) dict_keys(['cep_etl']) retrieved from /opt/airflow/dags/cep_etl_dag.py
[2025-05-01T00:41:50.246+0000] {logging_mixin.py:151} INFO - [2025-05-01T00:41:50.246+0000] {dag.py:2915} INFO - Sync 1 DAGs
[2025-05-01T00:41:50.271+0000] {logging_mixin.py:151} INFO - [2025-05-01T00:41:50.271+0000] {dag.py:3696} INFO - Setting next_dagrun for cep_etl to 2025-05-01T00:25:22.218677+00:00, run_after=2025-05-02T00:25:22.218677+00:00
[2025-05-01T00:41:50.294+0000] {processor.py:179} INFO - Processing /opt/airflow/dags/cep_etl_dag.py took 0.706 seconds
[2025-05-01T00:42:20.505+0000] {processor.py:157} INFO - Started process (PID=228) to work on /opt/airflow/dags/cep_etl_dag.py
[2025-05-01T00:42:20.509+0000] {processor.py:829} INFO - Processing file /opt/airflow/dags/cep_etl_dag.py for tasks to queue
[2025-05-01T00:42:20.510+0000] {logging_mixin.py:151} INFO - [2025-05-01T00:42:20.510+0000] {dagbag.py:539} INFO - Filling up the DagBag from /opt/airflow/dags/cep_etl_dag.py
[2025-05-01T00:42:21.198+0000] {processor.py:839} INFO - DAG(s) dict_keys(['cep_etl']) retrieved from /opt/airflow/dags/cep_etl_dag.py
[2025-05-01T00:42:21.238+0000] {logging_mixin.py:151} INFO - [2025-05-01T00:42:21.237+0000] {dag.py:2915} INFO - Sync 1 DAGs
[2025-05-01T00:42:21.264+0000] {logging_mixin.py:151} INFO - [2025-05-01T00:42:21.263+0000] {dag.py:3696} INFO - Setting next_dagrun for cep_etl to 2025-05-01T00:25:22.218677+00:00, run_after=2025-05-02T00:25:22.218677+00:00
[2025-05-01T00:42:21.291+0000] {processor.py:179} INFO - Processing /opt/airflow/dags/cep_etl_dag.py took 0.790 seconds
[2025-05-01T00:42:51.653+0000] {processor.py:157} INFO - Started process (PID=234) to work on /opt/airflow/dags/cep_etl_dag.py
[2025-05-01T00:42:51.655+0000] {processor.py:829} INFO - Processing file /opt/airflow/dags/cep_etl_dag.py for tasks to queue
[2025-05-01T00:42:51.657+0000] {logging_mixin.py:151} INFO - [2025-05-01T00:42:51.656+0000] {dagbag.py:539} INFO - Filling up the DagBag from /opt/airflow/dags/cep_etl_dag.py
[2025-05-01T00:42:52.414+0000] {processor.py:839} INFO - DAG(s) dict_keys(['cep_etl']) retrieved from /opt/airflow/dags/cep_etl_dag.py
[2025-05-01T00:42:52.455+0000] {logging_mixin.py:151} INFO - [2025-05-01T00:42:52.454+0000] {dag.py:2915} INFO - Sync 1 DAGs
[2025-05-01T00:42:52.491+0000] {logging_mixin.py:151} INFO - [2025-05-01T00:42:52.491+0000] {dag.py:3696} INFO - Setting next_dagrun for cep_etl to 2025-05-01T00:25:22.218677+00:00, run_after=2025-05-02T00:25:22.218677+00:00
[2025-05-01T00:42:52.523+0000] {processor.py:179} INFO - Processing /opt/airflow/dags/cep_etl_dag.py took 0.876 seconds
[2025-05-01T00:43:22.760+0000] {processor.py:157} INFO - Started process (PID=240) to work on /opt/airflow/dags/cep_etl_dag.py
[2025-05-01T00:43:22.763+0000] {processor.py:829} INFO - Processing file /opt/airflow/dags/cep_etl_dag.py for tasks to queue
[2025-05-01T00:43:22.764+0000] {logging_mixin.py:151} INFO - [2025-05-01T00:43:22.764+0000] {dagbag.py:539} INFO - Filling up the DagBag from /opt/airflow/dags/cep_etl_dag.py
[2025-05-01T00:43:23.355+0000] {processor.py:839} INFO - DAG(s) dict_keys(['cep_etl']) retrieved from /opt/airflow/dags/cep_etl_dag.py
[2025-05-01T00:43:23.400+0000] {logging_mixin.py:151} INFO - [2025-05-01T00:43:23.399+0000] {dag.py:2915} INFO - Sync 1 DAGs
[2025-05-01T00:43:23.436+0000] {logging_mixin.py:151} INFO - [2025-05-01T00:43:23.436+0000] {dag.py:3696} INFO - Setting next_dagrun for cep_etl to 2025-05-01T00:25:22.218677+00:00, run_after=2025-05-02T00:25:22.218677+00:00
[2025-05-01T00:43:23.477+0000] {processor.py:179} INFO - Processing /opt/airflow/dags/cep_etl_dag.py took 0.721 seconds
[2025-05-01T00:43:53.706+0000] {processor.py:157} INFO - Started process (PID=246) to work on /opt/airflow/dags/cep_etl_dag.py
[2025-05-01T00:43:53.710+0000] {processor.py:829} INFO - Processing file /opt/airflow/dags/cep_etl_dag.py for tasks to queue
[2025-05-01T00:43:53.711+0000] {logging_mixin.py:151} INFO - [2025-05-01T00:43:53.711+0000] {dagbag.py:539} INFO - Filling up the DagBag from /opt/airflow/dags/cep_etl_dag.py
[2025-05-01T00:43:54.229+0000] {processor.py:839} INFO - DAG(s) dict_keys(['cep_etl']) retrieved from /opt/airflow/dags/cep_etl_dag.py
[2025-05-01T00:43:54.269+0000] {logging_mixin.py:151} INFO - [2025-05-01T00:43:54.268+0000] {dag.py:2915} INFO - Sync 1 DAGs
[2025-05-01T00:43:54.320+0000] {logging_mixin.py:151} INFO - [2025-05-01T00:43:54.319+0000] {dag.py:3696} INFO - Setting next_dagrun for cep_etl to 2025-05-01T00:25:22.218677+00:00, run_after=2025-05-02T00:25:22.218677+00:00
[2025-05-01T00:43:54.358+0000] {processor.py:179} INFO - Processing /opt/airflow/dags/cep_etl_dag.py took 0.657 seconds
[2025-05-01T00:44:24.570+0000] {processor.py:157} INFO - Started process (PID=252) to work on /opt/airflow/dags/cep_etl_dag.py
[2025-05-01T00:44:24.573+0000] {processor.py:829} INFO - Processing file /opt/airflow/dags/cep_etl_dag.py for tasks to queue
[2025-05-01T00:44:24.574+0000] {logging_mixin.py:151} INFO - [2025-05-01T00:44:24.573+0000] {dagbag.py:539} INFO - Filling up the DagBag from /opt/airflow/dags/cep_etl_dag.py
[2025-05-01T00:44:25.013+0000] {processor.py:839} INFO - DAG(s) dict_keys(['cep_etl']) retrieved from /opt/airflow/dags/cep_etl_dag.py
[2025-05-01T00:44:25.047+0000] {logging_mixin.py:151} INFO - [2025-05-01T00:44:25.046+0000] {dag.py:2915} INFO - Sync 1 DAGs
[2025-05-01T00:44:25.075+0000] {logging_mixin.py:151} INFO - [2025-05-01T00:44:25.075+0000] {dag.py:3696} INFO - Setting next_dagrun for cep_etl to 2025-05-01T00:25:22.218677+00:00, run_after=2025-05-02T00:25:22.218677+00:00
[2025-05-01T00:44:25.101+0000] {processor.py:179} INFO - Processing /opt/airflow/dags/cep_etl_dag.py took 0.535 seconds
[2025-05-01T00:44:55.332+0000] {processor.py:157} INFO - Started process (PID=258) to work on /opt/airflow/dags/cep_etl_dag.py
[2025-05-01T00:44:55.335+0000] {processor.py:829} INFO - Processing file /opt/airflow/dags/cep_etl_dag.py for tasks to queue
[2025-05-01T00:44:55.337+0000] {logging_mixin.py:151} INFO - [2025-05-01T00:44:55.336+0000] {dagbag.py:539} INFO - Filling up the DagBag from /opt/airflow/dags/cep_etl_dag.py
[2025-05-01T00:44:55.985+0000] {processor.py:839} INFO - DAG(s) dict_keys(['cep_etl']) retrieved from /opt/airflow/dags/cep_etl_dag.py
[2025-05-01T00:44:56.021+0000] {logging_mixin.py:151} INFO - [2025-05-01T00:44:56.020+0000] {dag.py:2915} INFO - Sync 1 DAGs
[2025-05-01T00:44:56.046+0000] {logging_mixin.py:151} INFO - [2025-05-01T00:44:56.045+0000] {dag.py:3696} INFO - Setting next_dagrun for cep_etl to 2025-05-01T00:25:22.218677+00:00, run_after=2025-05-02T00:25:22.218677+00:00
[2025-05-01T00:44:56.065+0000] {processor.py:179} INFO - Processing /opt/airflow/dags/cep_etl_dag.py took 0.738 seconds
[2025-05-01T00:45:26.283+0000] {processor.py:157} INFO - Started process (PID=264) to work on /opt/airflow/dags/cep_etl_dag.py
[2025-05-01T00:45:26.285+0000] {processor.py:829} INFO - Processing file /opt/airflow/dags/cep_etl_dag.py for tasks to queue
[2025-05-01T00:45:26.286+0000] {logging_mixin.py:151} INFO - [2025-05-01T00:45:26.285+0000] {dagbag.py:539} INFO - Filling up the DagBag from /opt/airflow/dags/cep_etl_dag.py
[2025-05-01T00:45:26.869+0000] {processor.py:839} INFO - DAG(s) dict_keys(['cep_etl']) retrieved from /opt/airflow/dags/cep_etl_dag.py
[2025-05-01T00:45:26.913+0000] {logging_mixin.py:151} INFO - [2025-05-01T00:45:26.912+0000] {dag.py:2915} INFO - Sync 1 DAGs
[2025-05-01T00:45:26.952+0000] {logging_mixin.py:151} INFO - [2025-05-01T00:45:26.952+0000] {dag.py:3696} INFO - Setting next_dagrun for cep_etl to 2025-05-01T00:25:22.218677+00:00, run_after=2025-05-02T00:25:22.218677+00:00
[2025-05-01T00:45:26.989+0000] {processor.py:179} INFO - Processing /opt/airflow/dags/cep_etl_dag.py took 0.713 seconds
[2025-05-01T00:45:57.154+0000] {processor.py:157} INFO - Started process (PID=270) to work on /opt/airflow/dags/cep_etl_dag.py
[2025-05-01T00:45:57.157+0000] {processor.py:829} INFO - Processing file /opt/airflow/dags/cep_etl_dag.py for tasks to queue
[2025-05-01T00:45:57.158+0000] {logging_mixin.py:151} INFO - [2025-05-01T00:45:57.158+0000] {dagbag.py:539} INFO - Filling up the DagBag from /opt/airflow/dags/cep_etl_dag.py
[2025-05-01T00:45:57.791+0000] {processor.py:839} INFO - DAG(s) dict_keys(['cep_etl']) retrieved from /opt/airflow/dags/cep_etl_dag.py
[2025-05-01T00:45:57.834+0000] {logging_mixin.py:151} INFO - [2025-05-01T00:45:57.833+0000] {dag.py:2915} INFO - Sync 1 DAGs
[2025-05-01T00:45:57.869+0000] {logging_mixin.py:151} INFO - [2025-05-01T00:45:57.869+0000] {dag.py:3696} INFO - Setting next_dagrun for cep_etl to 2025-05-01T00:25:22.218677+00:00, run_after=2025-05-02T00:25:22.218677+00:00
[2025-05-01T00:45:57.905+0000] {processor.py:179} INFO - Processing /opt/airflow/dags/cep_etl_dag.py took 0.757 seconds
[2025-05-01T00:46:28.136+0000] {processor.py:157} INFO - Started process (PID=276) to work on /opt/airflow/dags/cep_etl_dag.py
[2025-05-01T00:46:28.139+0000] {processor.py:829} INFO - Processing file /opt/airflow/dags/cep_etl_dag.py for tasks to queue
[2025-05-01T00:46:28.141+0000] {logging_mixin.py:151} INFO - [2025-05-01T00:46:28.140+0000] {dagbag.py:539} INFO - Filling up the DagBag from /opt/airflow/dags/cep_etl_dag.py
[2025-05-01T00:46:28.631+0000] {processor.py:839} INFO - DAG(s) dict_keys(['cep_etl']) retrieved from /opt/airflow/dags/cep_etl_dag.py
[2025-05-01T00:46:28.662+0000] {logging_mixin.py:151} INFO - [2025-05-01T00:46:28.662+0000] {dag.py:2915} INFO - Sync 1 DAGs
[2025-05-01T00:46:28.686+0000] {logging_mixin.py:151} INFO - [2025-05-01T00:46:28.686+0000] {dag.py:3696} INFO - Setting next_dagrun for cep_etl to 2025-05-01T00:25:22.218677+00:00, run_after=2025-05-02T00:25:22.218677+00:00
[2025-05-01T00:46:28.707+0000] {processor.py:179} INFO - Processing /opt/airflow/dags/cep_etl_dag.py took 0.576 seconds
[2025-05-01T00:46:58.919+0000] {processor.py:157} INFO - Started process (PID=282) to work on /opt/airflow/dags/cep_etl_dag.py
[2025-05-01T00:46:58.923+0000] {processor.py:829} INFO - Processing file /opt/airflow/dags/cep_etl_dag.py for tasks to queue
[2025-05-01T00:46:58.924+0000] {logging_mixin.py:151} INFO - [2025-05-01T00:46:58.923+0000] {dagbag.py:539} INFO - Filling up the DagBag from /opt/airflow/dags/cep_etl_dag.py
[2025-05-01T00:46:59.361+0000] {processor.py:839} INFO - DAG(s) dict_keys(['cep_etl']) retrieved from /opt/airflow/dags/cep_etl_dag.py
[2025-05-01T00:46:59.402+0000] {logging_mixin.py:151} INFO - [2025-05-01T00:46:59.401+0000] {dag.py:2915} INFO - Sync 1 DAGs
[2025-05-01T00:46:59.437+0000] {logging_mixin.py:151} INFO - [2025-05-01T00:46:59.436+0000] {dag.py:3696} INFO - Setting next_dagrun for cep_etl to 2025-05-01T00:25:22.218677+00:00, run_after=2025-05-02T00:25:22.218677+00:00
[2025-05-01T00:46:59.462+0000] {processor.py:179} INFO - Processing /opt/airflow/dags/cep_etl_dag.py took 0.548 seconds
[2025-05-01T00:47:29.694+0000] {processor.py:157} INFO - Started process (PID=288) to work on /opt/airflow/dags/cep_etl_dag.py
[2025-05-01T00:47:29.696+0000] {processor.py:829} INFO - Processing file /opt/airflow/dags/cep_etl_dag.py for tasks to queue
[2025-05-01T00:47:29.698+0000] {logging_mixin.py:151} INFO - [2025-05-01T00:47:29.697+0000] {dagbag.py:539} INFO - Filling up the DagBag from /opt/airflow/dags/cep_etl_dag.py
[2025-05-01T00:47:30.279+0000] {processor.py:839} INFO - DAG(s) dict_keys(['cep_etl']) retrieved from /opt/airflow/dags/cep_etl_dag.py
[2025-05-01T00:47:30.312+0000] {logging_mixin.py:151} INFO - [2025-05-01T00:47:30.312+0000] {dag.py:2915} INFO - Sync 1 DAGs
[2025-05-01T00:47:30.339+0000] {logging_mixin.py:151} INFO - [2025-05-01T00:47:30.339+0000] {dag.py:3696} INFO - Setting next_dagrun for cep_etl to 2025-05-01T00:25:22.218677+00:00, run_after=2025-05-02T00:25:22.218677+00:00
[2025-05-01T00:47:30.364+0000] {processor.py:179} INFO - Processing /opt/airflow/dags/cep_etl_dag.py took 0.675 seconds
[2025-05-01T00:48:00.577+0000] {processor.py:157} INFO - Started process (PID=294) to work on /opt/airflow/dags/cep_etl_dag.py
[2025-05-01T00:48:00.580+0000] {processor.py:829} INFO - Processing file /opt/airflow/dags/cep_etl_dag.py for tasks to queue
[2025-05-01T00:48:00.581+0000] {logging_mixin.py:151} INFO - [2025-05-01T00:48:00.581+0000] {dagbag.py:539} INFO - Filling up the DagBag from /opt/airflow/dags/cep_etl_dag.py
[2025-05-01T00:48:01.045+0000] {processor.py:839} INFO - DAG(s) dict_keys(['cep_etl']) retrieved from /opt/airflow/dags/cep_etl_dag.py
[2025-05-01T00:48:01.086+0000] {logging_mixin.py:151} INFO - [2025-05-01T00:48:01.085+0000] {dag.py:2915} INFO - Sync 1 DAGs
[2025-05-01T00:48:01.114+0000] {logging_mixin.py:151} INFO - [2025-05-01T00:48:01.114+0000] {dag.py:3696} INFO - Setting next_dagrun for cep_etl to 2025-05-01T00:25:22.218677+00:00, run_after=2025-05-02T00:25:22.218677+00:00
[2025-05-01T00:48:01.139+0000] {processor.py:179} INFO - Processing /opt/airflow/dags/cep_etl_dag.py took 0.567 seconds
[2025-05-01T00:48:31.361+0000] {processor.py:157} INFO - Started process (PID=300) to work on /opt/airflow/dags/cep_etl_dag.py
[2025-05-01T00:48:31.364+0000] {processor.py:829} INFO - Processing file /opt/airflow/dags/cep_etl_dag.py for tasks to queue
[2025-05-01T00:48:31.366+0000] {logging_mixin.py:151} INFO - [2025-05-01T00:48:31.365+0000] {dagbag.py:539} INFO - Filling up the DagBag from /opt/airflow/dags/cep_etl_dag.py
[2025-05-01T00:48:32.320+0000] {processor.py:839} INFO - DAG(s) dict_keys(['cep_etl']) retrieved from /opt/airflow/dags/cep_etl_dag.py
[2025-05-01T00:48:32.395+0000] {logging_mixin.py:151} INFO - [2025-05-01T00:48:32.393+0000] {dag.py:2915} INFO - Sync 1 DAGs
[2025-05-01T00:48:32.461+0000] {logging_mixin.py:151} INFO - [2025-05-01T00:48:32.460+0000] {dag.py:3696} INFO - Setting next_dagrun for cep_etl to 2025-05-01T00:25:22.218677+00:00, run_after=2025-05-02T00:25:22.218677+00:00
[2025-05-01T00:48:32.518+0000] {processor.py:179} INFO - Processing /opt/airflow/dags/cep_etl_dag.py took 1.163 seconds
[2025-05-01T00:49:02.578+0000] {processor.py:157} INFO - Started process (PID=306) to work on /opt/airflow/dags/cep_etl_dag.py
[2025-05-01T00:49:02.581+0000] {processor.py:829} INFO - Processing file /opt/airflow/dags/cep_etl_dag.py for tasks to queue
[2025-05-01T00:49:02.582+0000] {logging_mixin.py:151} INFO - [2025-05-01T00:49:02.582+0000] {dagbag.py:539} INFO - Filling up the DagBag from /opt/airflow/dags/cep_etl_dag.py
[2025-05-01T00:49:03.204+0000] {processor.py:839} INFO - DAG(s) dict_keys(['cep_etl']) retrieved from /opt/airflow/dags/cep_etl_dag.py
[2025-05-01T00:49:03.248+0000] {logging_mixin.py:151} INFO - [2025-05-01T00:49:03.247+0000] {dag.py:2915} INFO - Sync 1 DAGs
[2025-05-01T00:49:03.282+0000] {logging_mixin.py:151} INFO - [2025-05-01T00:49:03.282+0000] {dag.py:3696} INFO - Setting next_dagrun for cep_etl to 2025-05-01T00:25:22.218677+00:00, run_after=2025-05-02T00:25:22.218677+00:00
[2025-05-01T00:49:03.314+0000] {processor.py:179} INFO - Processing /opt/airflow/dags/cep_etl_dag.py took 0.741 seconds
[2025-05-01T00:49:33.509+0000] {processor.py:157} INFO - Started process (PID=312) to work on /opt/airflow/dags/cep_etl_dag.py
[2025-05-01T00:49:33.512+0000] {processor.py:829} INFO - Processing file /opt/airflow/dags/cep_etl_dag.py for tasks to queue
[2025-05-01T00:49:33.513+0000] {logging_mixin.py:151} INFO - [2025-05-01T00:49:33.512+0000] {dagbag.py:539} INFO - Filling up the DagBag from /opt/airflow/dags/cep_etl_dag.py
[2025-05-01T00:49:34.158+0000] {processor.py:839} INFO - DAG(s) dict_keys(['cep_etl']) retrieved from /opt/airflow/dags/cep_etl_dag.py
[2025-05-01T00:49:34.204+0000] {logging_mixin.py:151} INFO - [2025-05-01T00:49:34.203+0000] {dag.py:2915} INFO - Sync 1 DAGs
[2025-05-01T00:49:34.246+0000] {logging_mixin.py:151} INFO - [2025-05-01T00:49:34.245+0000] {dag.py:3696} INFO - Setting next_dagrun for cep_etl to 2025-05-01T00:25:22.218677+00:00, run_after=2025-05-02T00:25:22.218677+00:00
[2025-05-01T00:49:34.281+0000] {processor.py:179} INFO - Processing /opt/airflow/dags/cep_etl_dag.py took 0.778 seconds
[2025-05-01T00:50:04.483+0000] {processor.py:157} INFO - Started process (PID=318) to work on /opt/airflow/dags/cep_etl_dag.py
[2025-05-01T00:50:04.484+0000] {processor.py:829} INFO - Processing file /opt/airflow/dags/cep_etl_dag.py for tasks to queue
[2025-05-01T00:50:04.485+0000] {logging_mixin.py:151} INFO - [2025-05-01T00:50:04.485+0000] {dagbag.py:539} INFO - Filling up the DagBag from /opt/airflow/dags/cep_etl_dag.py
[2025-05-01T00:50:05.013+0000] {processor.py:839} INFO - DAG(s) dict_keys(['cep_etl']) retrieved from /opt/airflow/dags/cep_etl_dag.py
[2025-05-01T00:50:05.048+0000] {logging_mixin.py:151} INFO - [2025-05-01T00:50:05.048+0000] {dag.py:2915} INFO - Sync 1 DAGs
[2025-05-01T00:50:05.077+0000] {logging_mixin.py:151} INFO - [2025-05-01T00:50:05.077+0000] {dag.py:3696} INFO - Setting next_dagrun for cep_etl to 2025-05-01T00:25:22.218677+00:00, run_after=2025-05-02T00:25:22.218677+00:00
[2025-05-01T00:50:05.106+0000] {processor.py:179} INFO - Processing /opt/airflow/dags/cep_etl_dag.py took 0.627 seconds
[2025-05-01T00:50:35.323+0000] {processor.py:157} INFO - Started process (PID=324) to work on /opt/airflow/dags/cep_etl_dag.py
[2025-05-01T00:50:35.326+0000] {processor.py:829} INFO - Processing file /opt/airflow/dags/cep_etl_dag.py for tasks to queue
[2025-05-01T00:50:35.328+0000] {logging_mixin.py:151} INFO - [2025-05-01T00:50:35.327+0000] {dagbag.py:539} INFO - Filling up the DagBag from /opt/airflow/dags/cep_etl_dag.py
[2025-05-01T00:50:35.780+0000] {processor.py:839} INFO - DAG(s) dict_keys(['cep_etl']) retrieved from /opt/airflow/dags/cep_etl_dag.py
[2025-05-01T00:50:35.814+0000] {logging_mixin.py:151} INFO - [2025-05-01T00:50:35.813+0000] {dag.py:2915} INFO - Sync 1 DAGs
[2025-05-01T00:50:35.837+0000] {logging_mixin.py:151} INFO - [2025-05-01T00:50:35.836+0000] {dag.py:3696} INFO - Setting next_dagrun for cep_etl to 2025-05-01T00:25:22.218677+00:00, run_after=2025-05-02T00:25:22.218677+00:00
[2025-05-01T00:50:35.860+0000] {processor.py:179} INFO - Processing /opt/airflow/dags/cep_etl_dag.py took 0.542 seconds
[2025-05-01T00:51:06.087+0000] {processor.py:157} INFO - Started process (PID=330) to work on /opt/airflow/dags/cep_etl_dag.py
[2025-05-01T00:51:06.089+0000] {processor.py:829} INFO - Processing file /opt/airflow/dags/cep_etl_dag.py for tasks to queue
[2025-05-01T00:51:06.090+0000] {logging_mixin.py:151} INFO - [2025-05-01T00:51:06.090+0000] {dagbag.py:539} INFO - Filling up the DagBag from /opt/airflow/dags/cep_etl_dag.py
[2025-05-01T00:51:06.777+0000] {processor.py:839} INFO - DAG(s) dict_keys(['cep_etl']) retrieved from /opt/airflow/dags/cep_etl_dag.py
[2025-05-01T00:51:06.835+0000] {logging_mixin.py:151} INFO - [2025-05-01T00:51:06.834+0000] {dag.py:2915} INFO - Sync 1 DAGs
[2025-05-01T00:51:06.879+0000] {logging_mixin.py:151} INFO - [2025-05-01T00:51:06.879+0000] {dag.py:3696} INFO - Setting next_dagrun for cep_etl to 2025-05-01T00:25:22.218677+00:00, run_after=2025-05-02T00:25:22.218677+00:00
[2025-05-01T00:51:06.919+0000] {processor.py:179} INFO - Processing /opt/airflow/dags/cep_etl_dag.py took 0.842 seconds
[2025-05-01T00:51:37.145+0000] {processor.py:157} INFO - Started process (PID=336) to work on /opt/airflow/dags/cep_etl_dag.py
[2025-05-01T00:51:37.147+0000] {processor.py:829} INFO - Processing file /opt/airflow/dags/cep_etl_dag.py for tasks to queue
[2025-05-01T00:51:37.148+0000] {logging_mixin.py:151} INFO - [2025-05-01T00:51:37.147+0000] {dagbag.py:539} INFO - Filling up the DagBag from /opt/airflow/dags/cep_etl_dag.py
[2025-05-01T00:51:37.818+0000] {processor.py:839} INFO - DAG(s) dict_keys(['cep_etl']) retrieved from /opt/airflow/dags/cep_etl_dag.py
[2025-05-01T00:51:37.879+0000] {logging_mixin.py:151} INFO - [2025-05-01T00:51:37.877+0000] {dag.py:2915} INFO - Sync 1 DAGs
[2025-05-01T00:51:37.929+0000] {logging_mixin.py:151} INFO - [2025-05-01T00:51:37.928+0000] {dag.py:3696} INFO - Setting next_dagrun for cep_etl to 2025-05-01T00:25:22.218677+00:00, run_after=2025-05-02T00:25:22.218677+00:00
[2025-05-01T00:51:37.982+0000] {processor.py:179} INFO - Processing /opt/airflow/dags/cep_etl_dag.py took 0.842 seconds
[2025-05-01T00:52:08.213+0000] {processor.py:157} INFO - Started process (PID=342) to work on /opt/airflow/dags/cep_etl_dag.py
[2025-05-01T00:52:08.216+0000] {processor.py:829} INFO - Processing file /opt/airflow/dags/cep_etl_dag.py for tasks to queue
[2025-05-01T00:52:08.217+0000] {logging_mixin.py:151} INFO - [2025-05-01T00:52:08.217+0000] {dagbag.py:539} INFO - Filling up the DagBag from /opt/airflow/dags/cep_etl_dag.py
[2025-05-01T00:52:08.833+0000] {processor.py:839} INFO - DAG(s) dict_keys(['cep_etl']) retrieved from /opt/airflow/dags/cep_etl_dag.py
[2025-05-01T00:52:08.880+0000] {logging_mixin.py:151} INFO - [2025-05-01T00:52:08.880+0000] {dag.py:2915} INFO - Sync 1 DAGs
[2025-05-01T00:52:08.913+0000] {logging_mixin.py:151} INFO - [2025-05-01T00:52:08.913+0000] {dag.py:3696} INFO - Setting next_dagrun for cep_etl to 2025-05-01T00:25:22.218677+00:00, run_after=2025-05-02T00:25:22.218677+00:00
[2025-05-01T00:52:08.946+0000] {processor.py:179} INFO - Processing /opt/airflow/dags/cep_etl_dag.py took 0.740 seconds
[2025-05-01T00:52:39.087+0000] {processor.py:157} INFO - Started process (PID=348) to work on /opt/airflow/dags/cep_etl_dag.py
[2025-05-01T00:52:39.090+0000] {processor.py:829} INFO - Processing file /opt/airflow/dags/cep_etl_dag.py for tasks to queue
[2025-05-01T00:52:39.091+0000] {logging_mixin.py:151} INFO - [2025-05-01T00:52:39.091+0000] {dagbag.py:539} INFO - Filling up the DagBag from /opt/airflow/dags/cep_etl_dag.py
[2025-05-01T00:52:39.644+0000] {processor.py:839} INFO - DAG(s) dict_keys(['cep_etl']) retrieved from /opt/airflow/dags/cep_etl_dag.py
[2025-05-01T00:52:39.676+0000] {logging_mixin.py:151} INFO - [2025-05-01T00:52:39.675+0000] {dag.py:2915} INFO - Sync 1 DAGs
[2025-05-01T00:52:39.723+0000] {logging_mixin.py:151} INFO - [2025-05-01T00:52:39.723+0000] {dag.py:3696} INFO - Setting next_dagrun for cep_etl to 2025-05-01T00:25:22.218677+00:00, run_after=2025-05-02T00:25:22.218677+00:00
[2025-05-01T00:52:39.765+0000] {processor.py:179} INFO - Processing /opt/airflow/dags/cep_etl_dag.py took 0.683 seconds
[2025-05-01T00:53:10.019+0000] {processor.py:157} INFO - Started process (PID=354) to work on /opt/airflow/dags/cep_etl_dag.py
[2025-05-01T00:53:10.022+0000] {processor.py:829} INFO - Processing file /opt/airflow/dags/cep_etl_dag.py for tasks to queue
[2025-05-01T00:53:10.024+0000] {logging_mixin.py:151} INFO - [2025-05-01T00:53:10.023+0000] {dagbag.py:539} INFO - Filling up the DagBag from /opt/airflow/dags/cep_etl_dag.py
[2025-05-01T00:53:10.621+0000] {processor.py:839} INFO - DAG(s) dict_keys(['cep_etl']) retrieved from /opt/airflow/dags/cep_etl_dag.py
[2025-05-01T00:53:10.655+0000] {logging_mixin.py:151} INFO - [2025-05-01T00:53:10.654+0000] {dag.py:2915} INFO - Sync 1 DAGs
[2025-05-01T00:53:10.685+0000] {logging_mixin.py:151} INFO - [2025-05-01T00:53:10.684+0000] {dag.py:3696} INFO - Setting next_dagrun for cep_etl to 2025-05-01T00:25:22.218677+00:00, run_after=2025-05-02T00:25:22.218677+00:00
[2025-05-01T00:53:10.712+0000] {processor.py:179} INFO - Processing /opt/airflow/dags/cep_etl_dag.py took 0.697 seconds
[2025-05-01T00:53:40.939+0000] {processor.py:157} INFO - Started process (PID=360) to work on /opt/airflow/dags/cep_etl_dag.py
[2025-05-01T00:53:40.942+0000] {processor.py:829} INFO - Processing file /opt/airflow/dags/cep_etl_dag.py for tasks to queue
[2025-05-01T00:53:40.944+0000] {logging_mixin.py:151} INFO - [2025-05-01T00:53:40.943+0000] {dagbag.py:539} INFO - Filling up the DagBag from /opt/airflow/dags/cep_etl_dag.py
[2025-05-01T00:53:41.437+0000] {processor.py:839} INFO - DAG(s) dict_keys(['cep_etl']) retrieved from /opt/airflow/dags/cep_etl_dag.py
[2025-05-01T00:53:41.465+0000] {logging_mixin.py:151} INFO - [2025-05-01T00:53:41.465+0000] {dag.py:2915} INFO - Sync 1 DAGs
[2025-05-01T00:53:41.487+0000] {logging_mixin.py:151} INFO - [2025-05-01T00:53:41.487+0000] {dag.py:3696} INFO - Setting next_dagrun for cep_etl to 2025-05-01T00:25:22.218677+00:00, run_after=2025-05-02T00:25:22.218677+00:00
[2025-05-01T00:53:41.508+0000] {processor.py:179} INFO - Processing /opt/airflow/dags/cep_etl_dag.py took 0.575 seconds
[2025-05-01T00:54:11.728+0000] {processor.py:157} INFO - Started process (PID=366) to work on /opt/airflow/dags/cep_etl_dag.py
[2025-05-01T00:54:11.731+0000] {processor.py:829} INFO - Processing file /opt/airflow/dags/cep_etl_dag.py for tasks to queue
[2025-05-01T00:54:11.732+0000] {logging_mixin.py:151} INFO - [2025-05-01T00:54:11.731+0000] {dagbag.py:539} INFO - Filling up the DagBag from /opt/airflow/dags/cep_etl_dag.py
[2025-05-01T00:54:12.365+0000] {processor.py:839} INFO - DAG(s) dict_keys(['cep_etl']) retrieved from /opt/airflow/dags/cep_etl_dag.py
[2025-05-01T00:54:12.411+0000] {logging_mixin.py:151} INFO - [2025-05-01T00:54:12.410+0000] {dag.py:2915} INFO - Sync 1 DAGs
[2025-05-01T00:54:12.457+0000] {logging_mixin.py:151} INFO - [2025-05-01T00:54:12.457+0000] {dag.py:3696} INFO - Setting next_dagrun for cep_etl to 2025-05-01T00:25:22.218677+00:00, run_after=2025-05-02T00:25:22.218677+00:00
[2025-05-01T00:54:12.498+0000] {processor.py:179} INFO - Processing /opt/airflow/dags/cep_etl_dag.py took 0.776 seconds
[2025-05-01T00:54:42.751+0000] {processor.py:157} INFO - Started process (PID=372) to work on /opt/airflow/dags/cep_etl_dag.py
[2025-05-01T00:54:42.754+0000] {processor.py:829} INFO - Processing file /opt/airflow/dags/cep_etl_dag.py for tasks to queue
[2025-05-01T00:54:42.756+0000] {logging_mixin.py:151} INFO - [2025-05-01T00:54:42.755+0000] {dagbag.py:539} INFO - Filling up the DagBag from /opt/airflow/dags/cep_etl_dag.py
[2025-05-01T00:54:43.243+0000] {processor.py:839} INFO - DAG(s) dict_keys(['cep_etl']) retrieved from /opt/airflow/dags/cep_etl_dag.py
[2025-05-01T00:54:43.284+0000] {logging_mixin.py:151} INFO - [2025-05-01T00:54:43.284+0000] {dag.py:2915} INFO - Sync 1 DAGs
[2025-05-01T00:54:43.311+0000] {logging_mixin.py:151} INFO - [2025-05-01T00:54:43.310+0000] {dag.py:3696} INFO - Setting next_dagrun for cep_etl to 2025-05-01T00:25:22.218677+00:00, run_after=2025-05-02T00:25:22.218677+00:00
[2025-05-01T00:54:43.346+0000] {processor.py:179} INFO - Processing /opt/airflow/dags/cep_etl_dag.py took 0.600 seconds
[2025-05-01T00:55:13.562+0000] {processor.py:157} INFO - Started process (PID=378) to work on /opt/airflow/dags/cep_etl_dag.py
[2025-05-01T00:55:13.565+0000] {processor.py:829} INFO - Processing file /opt/airflow/dags/cep_etl_dag.py for tasks to queue
[2025-05-01T00:55:13.566+0000] {logging_mixin.py:151} INFO - [2025-05-01T00:55:13.566+0000] {dagbag.py:539} INFO - Filling up the DagBag from /opt/airflow/dags/cep_etl_dag.py
[2025-05-01T00:55:14.177+0000] {processor.py:839} INFO - DAG(s) dict_keys(['cep_etl']) retrieved from /opt/airflow/dags/cep_etl_dag.py
[2025-05-01T00:55:14.218+0000] {logging_mixin.py:151} INFO - [2025-05-01T00:55:14.218+0000] {dag.py:2915} INFO - Sync 1 DAGs
[2025-05-01T00:55:14.251+0000] {logging_mixin.py:151} INFO - [2025-05-01T00:55:14.251+0000] {dag.py:3696} INFO - Setting next_dagrun for cep_etl to 2025-05-01T00:25:22.218677+00:00, run_after=2025-05-02T00:25:22.218677+00:00
[2025-05-01T00:55:14.278+0000] {processor.py:179} INFO - Processing /opt/airflow/dags/cep_etl_dag.py took 0.721 seconds
