[2025-05-01T00:24:47.141+0000] {taskinstance.py:1157} INFO - Dependencies all met for dep_context=non-requeueable deps ti=<TaskInstance: cep_etl.run_etl scheduled__2025-04-30T00:24:20.497047+00:00 [queued]>
[2025-05-01T00:24:47.159+0000] {taskinstance.py:1157} INFO - Dependencies all met for dep_context=requeueable deps ti=<TaskInstance: cep_etl.run_etl scheduled__2025-04-30T00:24:20.497047+00:00 [queued]>
[2025-05-01T00:24:47.159+0000] {taskinstance.py:1359} INFO - Starting attempt 1 of 2
[2025-05-01T00:24:47.184+0000] {taskinstance.py:1380} INFO - Executing <Task(PythonOperator): run_etl> on 2025-04-30 00:24:20.497047+00:00
[2025-05-01T00:24:47.198+0000] {standard_task_runner.py:57} INFO - Started process 350 to run task
[2025-05-01T00:24:47.204+0000] {standard_task_runner.py:84} INFO - Running: ['***', 'tasks', 'run', 'cep_etl', 'run_etl', 'scheduled__2025-04-30T00:24:20.497047+00:00', '--job-id', '5', '--raw', '--subdir', 'DAGS_FOLDER/cep_etl_dag.py', '--cfg-path', '/tmp/tmp6cwcut_t']
[2025-05-01T00:24:47.209+0000] {standard_task_runner.py:85} INFO - Job 5: Subtask run_etl
[2025-05-01T00:24:47.305+0000] {task_command.py:415} INFO - Running <TaskInstance: cep_etl.run_etl scheduled__2025-04-30T00:24:20.497047+00:00 [running]> on host 113230c7e558
[2025-05-01T00:24:47.479+0000] {taskinstance.py:1660} INFO - Exporting env vars: AIRFLOW_CTX_DAG_OWNER='***' AIRFLOW_CTX_DAG_ID='cep_etl' AIRFLOW_CTX_TASK_ID='run_etl' AIRFLOW_CTX_EXECUTION_DATE='2025-04-30T00:24:20.497047+00:00' AIRFLOW_CTX_TRY_NUMBER='1' AIRFLOW_CTX_DAG_RUN_ID='scheduled__2025-04-30T00:24:20.497047+00:00'
[2025-05-01T00:24:47.482+0000] {cep_finder.py:25} WARNING - Arquivo de configuração não encontrado: config/ceps.json
[2025-05-01T00:24:47.756+0000] {logging_mixin.py:151} INFO - Processando 3 CEPs
[2025-05-01T00:24:47.759+0000] {logging_mixin.py:151} INFO - Processando CEP: 01001000 (São Paulo - Centro)
[2025-05-01T00:24:47.759+0000] {cep_extractor.py:27} INFO - Extraindo dados do CEP: 01001000
[2025-05-01T00:24:48.364+0000] {cep_extractor.py:38} INFO - Dados extraídos com sucesso
[2025-05-01T00:24:48.367+0000] {logging_mixin.py:151} INFO - Processando CEP: 13010000 (Campinas - Centro)
[2025-05-01T00:24:48.369+0000] {cep_extractor.py:27} INFO - Extraindo dados do CEP: 13010000
[2025-05-01T00:24:48.767+0000] {cep_extractor.py:38} INFO - Dados extraídos com sucesso
[2025-05-01T00:24:48.769+0000] {logging_mixin.py:151} INFO - Processando CEP: 11010000 (Santos - Centro)
[2025-05-01T00:24:48.771+0000] {cep_extractor.py:27} INFO - Extraindo dados do CEP: 11010000
[2025-05-01T00:24:49.147+0000] {cep_extractor.py:38} INFO - Dados extraídos com sucesso
[2025-05-01T00:24:49.150+0000] {logging_mixin.py:151} INFO - Transformando dados...
[2025-05-01T00:24:49.152+0000] {logging_mixin.py:151} INFO - Carregando dados...
[2025-05-01T00:24:49.159+0000] {cep_loader.py:40} INFO - Fazendo upload dos dados para o MinIO: 20250501_cep_data.csv
[2025-05-01T00:25:07.468+0000] {local_task_job_runner.py:294} WARNING - State of this instance has been externally set to None. Terminating instance.
[2025-05-01T00:25:07.474+0000] {process_utils.py:131} INFO - Sending 15 to group 350. PIDs of all processes in the group: [350]
[2025-05-01T00:25:07.474+0000] {process_utils.py:86} INFO - Sending the signal 15 to group 350
[2025-05-01T00:25:07.475+0000] {taskinstance.py:1630} ERROR - Received SIGTERM. Terminating subprocesses.
[2025-05-01T00:25:07.476+0000] {cep_loader.py:46} INFO - Criando bucket: cep-data
[2025-05-01T00:26:07.476+0000] {process_utils.py:149} WARNING - process psutil.Process(pid=350, name='airflow task ru', status='sleeping', started='00:24:46') did not respond to SIGTERM. Trying SIGKILL
[2025-05-01T00:26:07.479+0000] {process_utils.py:86} INFO - Sending the signal 9 to group 350
[2025-05-01T00:26:07.493+0000] {process_utils.py:79} INFO - Process psutil.Process(pid=350, name='airflow task ru', status='terminated', exitcode=<Negsignal.SIGKILL: -9>, started='00:24:46') (350) terminated with exit code -9
[2025-05-01T00:26:07.494+0000] {standard_task_runner.py:172} ERROR - Job 5 was killed before it finished (likely due to running out of memory)
